Archive member included to satisfy reference by file (symbol)

/Applications/STM32CubeIDE.app/Contents/Eclipse/plugins/com.st.stm32cube.ide.mcu.externaltools.gnu-tools-for-stm32.13.3.rel1.macos64_1.0.0.202411102158/tools/bin/../lib/gcc/arm-none-eabi/13.3.1/../../../../arm-none-eabi/lib/thumb/v7e-m+fp/hard/libc_nano.a(libc_a-exit.o)
                              /Applications/STM32CubeIDE.app/Contents/Eclipse/plugins/com.st.stm32cube.ide.mcu.externaltools.gnu-tools-for-stm32.13.3.rel1.macos64_1.0.0.202411102158/tools/bin/../lib/gcc/arm-none-eabi/13.3.1/../../../../arm-none-eabi/lib/thumb/v7e-m+fp/hard/crt0.o (exit)
/Applications/STM32CubeIDE.app/Contents/Eclipse/plugins/com.st.stm32cube.ide.mcu.externaltools.gnu-tools-for-stm32.13.3.rel1.macos64_1.0.0.202411102158/tools/bin/../lib/gcc/arm-none-eabi/13.3.1/../../../../arm-none-eabi/lib/thumb/v7e-m+fp/hard/libc_nano.a(libc_a-findfp.o)
                              /Applications/STM32CubeIDE.app/Contents/Eclipse/plugins/com.st.stm32cube.ide.mcu.externaltools.gnu-tools-for-stm32.13.3.rel1.macos64_1.0.0.202411102158/tools/bin/../lib/gcc/arm-none-eabi/13.3.1/../../../../arm-none-eabi/lib/thumb/v7e-m+fp/hard/libc_nano.a(libc_a-exit.o) (__stdio_exit_handler)
/Applications/STM32CubeIDE.app/Contents/Eclipse/plugins/com.st.stm32cube.ide.mcu.externaltools.gnu-tools-for-stm32.13.3.rel1.macos64_1.0.0.202411102158/tools/bin/../lib/gcc/arm-none-eabi/13.3.1/../../../../arm-none-eabi/lib/thumb/v7e-m+fp/hard/libc_nano.a(libc_a-fwalk.o)
                              /Applications/STM32CubeIDE.app/Contents/Eclipse/plugins/com.st.stm32cube.ide.mcu.externaltools.gnu-tools-for-stm32.13.3.rel1.macos64_1.0.0.202411102158/tools/bin/../lib/gcc/arm-none-eabi/13.3.1/../../../../arm-none-eabi/lib/thumb/v7e-m+fp/hard/libc_nano.a(libc_a-findfp.o) (_fwalk_sglue)
/Applications/STM32CubeIDE.app/Contents/Eclipse/plugins/com.st.stm32cube.ide.mcu.externaltools.gnu-tools-for-stm32.13.3.rel1.macos64_1.0.0.202411102158/tools/bin/../lib/gcc/arm-none-eabi/13.3.1/../../../../arm-none-eabi/lib/thumb/v7e-m+fp/hard/libc_nano.a(libc_a-memset.o)
                              /Applications/STM32CubeIDE.app/Contents/Eclipse/plugins/com.st.stm32cube.ide.mcu.externaltools.gnu-tools-for-stm32.13.3.rel1.macos64_1.0.0.202411102158/tools/bin/../lib/gcc/arm-none-eabi/13.3.1/../../../../arm-none-eabi/lib/thumb/v7e-m+fp/hard/crt0.o (memset)
/Applications/STM32CubeIDE.app/Contents/Eclipse/plugins/com.st.stm32cube.ide.mcu.externaltools.gnu-tools-for-stm32.13.3.rel1.macos64_1.0.0.202411102158/tools/bin/../lib/gcc/arm-none-eabi/13.3.1/../../../../arm-none-eabi/lib/thumb/v7e-m+fp/hard/libc_nano.a(libc_a-errno.o)
                              ./Core/Src/syscalls.o (__errno)
/Applications/STM32CubeIDE.app/Contents/Eclipse/plugins/com.st.stm32cube.ide.mcu.externaltools.gnu-tools-for-stm32.13.3.rel1.macos64_1.0.0.202411102158/tools/bin/../lib/gcc/arm-none-eabi/13.3.1/../../../../arm-none-eabi/lib/thumb/v7e-m+fp/hard/libc_nano.a(libc_a-init.o)
                              /Applications/STM32CubeIDE.app/Contents/Eclipse/plugins/com.st.stm32cube.ide.mcu.externaltools.gnu-tools-for-stm32.13.3.rel1.macos64_1.0.0.202411102158/tools/bin/../lib/gcc/arm-none-eabi/13.3.1/../../../../arm-none-eabi/lib/thumb/v7e-m+fp/hard/crt0.o (__libc_init_array)
/Applications/STM32CubeIDE.app/Contents/Eclipse/plugins/com.st.stm32cube.ide.mcu.externaltools.gnu-tools-for-stm32.13.3.rel1.macos64_1.0.0.202411102158/tools/bin/../lib/gcc/arm-none-eabi/13.3.1/../../../../arm-none-eabi/lib/thumb/v7e-m+fp/hard/libc_nano.a(libc_a-lock.o)
                              /Applications/STM32CubeIDE.app/Contents/Eclipse/plugins/com.st.stm32cube.ide.mcu.externaltools.gnu-tools-for-stm32.13.3.rel1.macos64_1.0.0.202411102158/tools/bin/../lib/gcc/arm-none-eabi/13.3.1/../../../../arm-none-eabi/lib/thumb/v7e-m+fp/hard/libc_nano.a(libc_a-findfp.o) (__retarget_lock_init_recursive)
/Applications/STM32CubeIDE.app/Contents/Eclipse/plugins/com.st.stm32cube.ide.mcu.externaltools.gnu-tools-for-stm32.13.3.rel1.macos64_1.0.0.202411102158/tools/bin/../lib/gcc/arm-none-eabi/13.3.1/../../../../arm-none-eabi/lib/thumb/v7e-m+fp/hard/libc_nano.a(libc_a-impure.o)
                              /Applications/STM32CubeIDE.app/Contents/Eclipse/plugins/com.st.stm32cube.ide.mcu.externaltools.gnu-tools-for-stm32.13.3.rel1.macos64_1.0.0.202411102158/tools/bin/../lib/gcc/arm-none-eabi/13.3.1/../../../../arm-none-eabi/lib/thumb/v7e-m+fp/hard/libc_nano.a(libc_a-errno.o) (_impure_ptr)
/Applications/STM32CubeIDE.app/Contents/Eclipse/plugins/com.st.stm32cube.ide.mcu.externaltools.gnu-tools-for-stm32.13.3.rel1.macos64_1.0.0.202411102158/tools/bin/../lib/gcc/arm-none-eabi/13.3.1/../../../../arm-none-eabi/lib/thumb/v7e-m+fp/hard/libc_nano.a(libc_a-mallocr.o)
[...]
Memory Configuration

Name             Origin             Length             Attributes
CCMRAM           0x10000000         0x00010000         xrw
RAM              0x20000000         0x00020000         xrw
FLASH            0x08000000         0x00100000         xr
*default*        0x00000000         0xffffffff

Linker script and memory map

LOAD /Applications/STM32CubeIDE.app/Contents/Eclipse/plugins/com.st.stm32cube.ide.mcu.externaltools.gnu-tools-for-stm32.13.3.rel1.macos64_1.0.0.202411102158/tools/bin/../lib/gcc/arm-none-eabi/13.3.1/thumb/v7e-m+fp/hard/crti.o
LOAD /Applications/STM32CubeIDE.app/Contents/Eclipse/plugins/com.st.stm32cube.ide.mcu.externaltools.gnu-tools-for-stm32.13.3.rel1.macos64_1.0.0.202411102158/tools/bin/../lib/gcc/arm-none-eabi/13.3.1/thumb/v7e-m+fp/hard/crtbegin.o
LOAD /Applications/STM32CubeIDE.app/Contents/Eclipse/plugins/com.st.stm32cube.ide.mcu.externaltools.gnu-tools-for-stm32.13.3.rel1.macos64_1.0.0.202411102158/tools/bin/../lib/gcc/arm-none-eabi/13.3.1/../../../../arm-none-eabi/lib/thumb/v7e-m+fp/hard/crt0.o
LOAD ./Core/Src/main.o
LOAD ./Core/Src/stm32f4xx_hal_msp.o
LOAD ./Core/Src/stm32f4xx_it.o
LOAD ./Core/Src/syscalls.o
LOAD ./Core/Src/sysmem.o
LOAD ./Core/Src/system_stm32f4xx.o
LOAD ./Core/Startup/startup_stm32f407vgtx.o
LOAD ./Drivers/STM32F4xx_HAL_Driver/Src/stm32f4xx_hal.o
LOAD ./Drivers/STM32F4xx_HAL_Driver/Src/stm32f4xx_hal_cortex.o
LOAD ./Drivers/STM32F4xx_HAL_Driver/Src/stm32f4xx_hal_dma.o
LOAD ./Drivers/STM32F4xx_HAL_Driver/Src/stm32f4xx_hal_dma_ex.o
LOAD ./Drivers/STM32F4xx_HAL_Driver/Src/stm32f4xx_hal_exti.o
LOAD ./Drivers/STM32F4xx_HAL_Driver/Src/stm32f4xx_hal_flash.o
LOAD ./Drivers/STM32F4xx_HAL_Driver/Src/stm32f4xx_hal_flash_ex.o
LOAD ./Drivers/STM32F4xx_HAL_Driver/Src/stm32f4xx_hal_flash_ramfunc.o
LOAD ./Drivers/STM32F4xx_HAL_Driver/Src/stm32f4xx_hal_gpio.o
LOAD ./Drivers/STM32F4xx_HAL_Driver/Src/stm32f4xx_hal_i2c.o
LOAD ./Drivers/STM32F4xx_HAL_Driver/Src/stm32f4xx_hal_i2c_ex.o
LOAD ./Drivers/STM32F4xx_HAL_Driver/Src/stm32f4xx_hal_i2s.o
LOAD ./Drivers/STM32F4xx_HAL_Driver/Src/stm32f4xx_hal_i2s_ex.o
LOAD ./Drivers/STM32F4xx_HAL_Driver/Src/stm32f4xx_hal_pcd.o
LOAD ./Drivers/STM32F4xx_HAL_Driver/Src/stm32f4xx_hal_pcd_ex.o
LOAD ./Drivers/STM32F4xx_HAL_Driver/Src/stm32f4xx_hal_pwr.o
LOAD ./Drivers/STM32F4xx_HAL_Driver/Src/stm32f4xx_hal_pwr_ex.o
LOAD ./Drivers/STM32F4xx_HAL_Driver/Src/stm32f4xx_hal_rcc.o
LOAD ./Drivers/STM32F4xx_HAL_Driver/Src/stm32f4xx_hal_rcc_ex.o
LOAD ./Drivers/STM32F4xx_HAL_Driver/Src/stm32f4xx_hal_spi.o
LOAD ./Drivers/STM32F4xx_HAL_Driver/Src/stm32f4xx_ll_usb.o
LOAD ./Middlewares/ST/STM32_USB_Device_Library/Class/CDC/Src/usbd_cdc.o
LOAD ./Middlewares/ST/STM32_USB_Device_Library/Core/Src/usbd_core.o
LOAD ./Middlewares/ST/STM32_USB_Device_Library/Core/Src/usbd_ctlreq.o
LOAD ./Middlewares/ST/STM32_USB_Device_Library/Core/Src/usbd_ioreq.o
LOAD ./USB_DEVICE/App/usb_device.o
LOAD ./USB_DEVICE/App/usbd_cdc_if.o
LOAD ./USB_DEVICE/App/usbd_desc.o
LOAD ./USB_DEVICE/Target/usbd_conf.o
START GROUP
LOAD /Applications/STM32CubeIDE.app/Contents/Eclipse/plugins/com.st.stm32cube.ide.mcu.externaltools.gnu-tools-for-stm32.13.3.rel1.macos64_1.0.0.202411102158/tools/bin/../lib/gcc/arm-none-eabi/13.3.1/../../../../arm-none-eabi/lib/thumb/v7e-m+fp/hard/libc_nano.a
LOAD /Applications/STM32CubeIDE.app/Contents/Eclipse/plugins/com.st.stm32cube.ide.mcu.externaltools.gnu-tools-for-stm32.13.3.rel1.macos64_1.0.0.202411102158/tools/bin/../lib/gcc/arm-none-eabi/13.3.1/../../../../arm-none-eabi/lib/thumb/v7e-m+fp/hard/libm.a
END GROUP
START GROUP
LOAD /Applications/STM32CubeIDE.app/Contents/Eclipse/plugins/com.st.stm32cube.ide.mcu.externaltools.gnu-tools-for-stm32.13.3.rel1.macos64_1.0.0.202411102158/tools/bin/../lib/gcc/arm-none-eabi/13.3.1/thumb/v7e-m+fp/hard/libgcc.a
LOAD /Applications/STM32CubeIDE.app/Contents/Eclipse/plugins/com.st.stm32cube.ide.mcu.externaltools.gnu-tools-for-stm32.13.3.rel1.macos64_1.0.0.202411102158/tools/bin/../lib/gcc/arm-none-eabi/13.3.1/../../../../arm-none-eabi/lib/thumb/v7e-m+fp/hard/libc_nano.a
END GROUP
START GROUP
LOAD /Applications/STM32CubeIDE.app/Contents/Eclipse/plugins/com.st.stm32cube.ide.mcu.externaltools.gnu-tools-for-stm32.13.3.rel1.macos64_1.0.0.202411102158/tools/bin/../lib/gcc/arm-none-eabi/13.3.1/thumb/v7e-m+fp/hard/libgcc.a
LOAD /Applications/STM32CubeIDE.app/Contents/Eclipse/plugins/com.st.stm32cube.ide.mcu.externaltools.gnu-tools-for-stm32.13.3.rel1.macos64_1.0.0.202411102158/tools/bin/../lib/gcc/arm-none-eabi/13.3.1/../../../../arm-none-eabi/lib/thumb/v7e-m+fp/hard/libc_nano.a
LOAD /Applications/STM32CubeIDE.app/Contents/Eclipse/plugins/com.st.stm32cube.ide.mcu.externaltools.gnu-tools-for-stm32.13.3.rel1.macos64_1.0.0.202411102158/tools/bin/../lib/gcc/arm-none-eabi/13.3.1/../../../../arm-none-eabi/lib/thumb/v7e-m+fp/hard/libnosys.a
END GROUP
START GROUP
LOAD /Applications/STM32CubeIDE.app/Contents/Eclipse/plugins/com.st.stm32cube.ide.mcu.externaltools.gnu-tools-for-stm32.13.3.rel1.macos64_1.0.0.202411102158/tools/bin/../lib/gcc/arm-none-eabi/13.3.1/thumb/v7e-m+fp/hard/libgcc.a
LOAD /Applications/STM32CubeIDE.app/Contents/Eclipse/plugins/com.st.stm32cube.ide.mcu.externaltools.gnu-tools-for-stm32.13.3.rel1.macos64_1.0.0.202411102158/tools/bin/../lib/gcc/arm-none-eabi/13.3.1/../../../../arm-none-eabi/lib/thumb/v7e-m+fp/hard/libc_nano.a
LOAD /Applications/STM32CubeIDE.app/Contents/Eclipse/plugins/com.st.stm32cube.ide.mcu.externaltools.gnu-tools-for-stm32.13.3.rel1.macos64_1.0.0.202411102158/tools/bin/../lib/gcc/arm-none-eabi/13.3.1/../../../../arm-none-eabi/lib/thumb/v7e-m+fp/hard/libnosys.a
END GROUP
LOAD /Applications/STM32CubeIDE.app/Contents/Eclipse/plugins/com.st.stm32cube.ide.mcu.externaltools.gnu-tools-for-stm32.13.3.rel1.macos64_1.0.0.202411102158/tools/bin/../lib/gcc/arm-none-eabi/13.3.1/thumb/v7e-m+fp/hard/crtend.o
LOAD /Applications/STM32CubeIDE.app/Contents/Eclipse/plugins/com.st.stm32cube.ide.mcu.externaltools.gnu-tools-for-stm32.13.3.rel1.macos64_1.0.0.202411102158/tools/bin/../lib/gcc/arm-none-eabi/13.3.1/thumb/v7e-m+fp/hard/crtn.o
                0x20020000                        _estack = (ORIGIN (RAM) + LENGTH (RAM))
                0x00000200                        _Min_Heap_Size = 0x200
                0x00000400                        _Min_Stack_Size = 0x400

.isr_vector     0x08000000      0x188
                0x08000000                        . = ALIGN (0x4)
 *(.isr_vector)
 .isr_vector    0x08000000      0x188 ./Core/Startup/startup_stm32f407vgtx.o
                0x08000000                g_pfnVectors
                0x08000188                        . = ALIGN (0x4)

.text           0x08000188     0x8040
                0x08000188                        . = ALIGN (0x4)
 *(.text)
 .text          0x08000188       0x40 /Applications/STM32CubeIDE.app/Contents/Eclipse/plugins/com.st.stm32cube.ide.mcu.externaltools.gnu-tools-for-stm32.13.3.rel1.macos64_1.0.0.202411102158/tools/bin/../lib/gcc/arm-none-eabi/13.3.1/thumb/v7e-m+fp/hard/crtbegin.o
 .text          0x080001c8       0x30 /Applications/STM32CubeIDE.app/Contents/Eclipse/plugins/com.st.stm32cube.ide.mcu.externaltools.gnu-tools-for-stm32.13.3.rel1.macos64_1.0.0.202411102158/tools/bin/../lib/gcc/arm-none-eabi/13.3.1/thumb/v7e-m+fp/hard/libgcc.a(_aeabi_uldivmod.o)
                0x080001c8                __aeabi_uldivmod
 .text          0x080001f8      0x2f8 /Applications/STM32CubeIDE.app/Contents/Eclipse/plugins/com.st.stm32cube.ide.mcu.externaltools.gnu-tools-for-stm32.13.3.rel1.macos64_1.0.0.202411102158/tools/bin/../lib/gcc/arm-none-eabi/13.3.1/thumb/v7e-m+fp/hard/libgcc.a(_udivmoddi4.o)
                0x080001f8                __udivmoddi4
 .text          0x080004f0        0x4 /Applications/STM32CubeIDE.app/Contents/Eclipse/plugins/com.st.stm32cube.ide.mcu.externaltools.gnu-tools-for-stm32.13.3.rel1.macos64_1.0.0.202411102158/tools/bin/../lib/gcc/arm-none-eabi/13.3.1/thumb/v7e-m+fp/hard/libgcc.a(_dvmd_tls.o)
                0x080004f0                __aeabi_ldiv0
                0x080004f0                __aeabi_idiv0
 *(.text*)
 .text.main     0x080004f4       0x70 ./Core/Src/main.o
                0x080004f4                main
 .text.SystemClock_Config
                0x08000564       0xd4 ./Core/Src/main.o
                0x08000564                SystemClock_Config
 .text.MX_I2C1_Init
                0x08000638       0x5c ./Core/Src/main.o
 .text.MX_I2S3_Init
                0x08000694       0x60 ./Core/Src/main.o
 .text.MX_SPI1_Init
                0x080006f4       0x6c ./Core/Src/main.o
 .text.MX_GPIO_Init
                0x08000760      0x1fc ./Core/Src/main.o
 .text.Error_Handler
                0x0800095c        0xc ./Core/Src/main.o
                0x0800095c                Error_Handler
 .text.HAL_MspInit
                0x08000968       0x50 ./Core/Src/stm32f4xx_hal_msp.o
                0x08000968                HAL_MspInit
 .text.HAL_I2C_MspInit
                0x080009b8       0x90 ./Core/Src/stm32f4xx_hal_msp.o
                0x080009b8                HAL_I2C_MspInit
 .text.HAL_I2S_MspInit
                0x08000a48      0x100 ./Core/Src/stm32f4xx_hal_msp.o
                0x08000a48                HAL_I2S_MspInit
 .text.HAL_SPI_MspInit
                0x08000b48       0x90 ./Core/Src/stm32f4xx_hal_msp.o
                0x08000b48                HAL_SPI_MspInit
 .text.NMI_Handler
                0x08000bd8        0x8 ./Core/Src/stm32f4xx_it.o
                0x08000bd8                NMI_Handler
 .text.HardFault_Handler
                0x08000be0        0x8 ./Core/Src/stm32f4xx_it.o
                0x08000be0                HardFault_Handler
 .text.MemManage_Handler
                0x08000be8        0x8 ./Core/Src/stm32f4xx_it.o
                0x08000be8                MemManage_Handler
 .text.BusFault_Handler
                0x08000bf0        0x8 ./Core/Src/stm32f4xx_it.o
                0x08000bf0                BusFault_Handler
 .text.UsageFault_Handler
                0x08000bf8        0x8 ./Core/Src/stm32f4xx_it.o
                0x08000bf8                UsageFault_Handler
 .text.SVC_Handler
                0x08000c00        0xe ./Core/Src/stm32f4xx_it.o
                0x08000c00                SVC_Handler
 .text.DebugMon_Handler
                0x08000c0e        0xe ./Core/Src/stm32f4xx_it.o
                0x08000c0e                DebugMon_Handler
 .text.PendSV_Handler
                0x08000c1c        0xe ./Core/Src/stm32f4xx_it.o
                0x08000c1c                PendSV_Handler
 .text.SysTick_Handler
                0x08000c2a        0xc ./Core/Src/stm32f4xx_it.o
                0x08000c2a                SysTick_Handler
 *fill*         0x08000c36        0x2 
 .text.OTG_FS_IRQHandler
                0x08000c38       0x14 ./Core/Src/stm32f4xx_it.o
                0x08000c38                OTG_FS_IRQHandler
 .text.SystemInit
                0x08000c4c       0x24 ./Core/Src/system_stm32f4xx.o
                0x08000c4c                SystemInit
 .text.Reset_Handler
                0x08000c70       0x50 ./Core/Startup/startup_stm32f407vgtx.o
                0x08000c70                Reset_Handler
 .text.Default_Handler
                0x08000cc0        0x2 ./Core/Startup/startup_stm32f407vgtx.o
                0x08000cc0                DMA1_Stream3_IRQHandler
                0x08000cc0                HASH_RNG_IRQHandler
                0x08000cc0                EXTI2_IRQHandler
                0x08000cc0                TIM8_CC_IRQHandler
                0x08000cc0                TIM1_CC_IRQHandler
                0x08000cc0                DMA2_Stream5_IRQHandler
                0x08000cc0                DMA1_Stream5_IRQHandler
                0x08000cc0                PVD_IRQHandler
                0x08000cc0                SDIO_IRQHandler
                0x08000cc0                TAMP_STAMP_IRQHandler
                0x08000cc0                CAN2_RX1_IRQHandler
                0x08000cc0                EXTI3_IRQHandler
                0x08000cc0                TIM8_TRG_COM_TIM14_IRQHandler
                0x08000cc0                TIM1_UP_TIM10_IRQHandler
                0x08000cc0                TIM8_UP_TIM13_IRQHandler
                0x08000cc0                I2C3_ER_IRQHandler
                0x08000cc0                EXTI0_IRQHandler
                0x08000cc0                I2C2_EV_IRQHandler
                0x08000cc0                DMA1_Stream2_IRQHandler
                0x08000cc0                CAN1_RX0_IRQHandler
                0x08000cc0                FPU_IRQHandler
                0x08000cc0                OTG_HS_WKUP_IRQHandler
                0x08000cc0                CAN2_SCE_IRQHandler
                0x08000cc0                DMA2_Stream2_IRQHandler
                0x08000cc0                SPI1_IRQHandler
                0x08000cc0                TIM6_DAC_IRQHandler
                0x08000cc0                TIM1_BRK_TIM9_IRQHandler
                0x08000cc0                DCMI_IRQHandler
                0x08000cc0                CAN2_RX0_IRQHandler
                0x08000cc0                DMA2_Stream3_IRQHandler
                0x08000cc0                USART6_IRQHandler
                0x08000cc0                USART3_IRQHandler
                0x08000cc0                CAN1_RX1_IRQHandler
                0x08000cc0                UART5_IRQHandler
                0x08000cc0                DMA2_Stream0_IRQHandler
                0x08000cc0                TIM4_IRQHandler
                0x08000cc0                I2C1_EV_IRQHandler
                0x08000cc0                DMA1_Stream6_IRQHandler
                0x08000cc0                DMA1_Stream1_IRQHandler
                0x08000cc0                UART4_IRQHandler
                0x08000cc0                TIM3_IRQHandler
                0x08000cc0                RCC_IRQHandler
                0x08000cc0                TIM8_BRK_TIM12_IRQHandler
                0x08000cc0                Default_Handler
                0x08000cc0                EXTI15_10_IRQHandler
                0x08000cc0                ADC_IRQHandler
                0x08000cc0                DMA1_Stream7_IRQHandler
                0x08000cc0                TIM7_IRQHandler
                0x08000cc0                CAN2_TX_IRQHandler
                0x08000cc0                TIM5_IRQHandler
                0x08000cc0                DMA2_Stream7_IRQHandler
                0x08000cc0                I2C3_EV_IRQHandler
                0x08000cc0                EXTI9_5_IRQHandler
                0x08000cc0                RTC_WKUP_IRQHandler
                0x08000cc0                ETH_WKUP_IRQHandler
                0x08000cc0                SPI2_IRQHandler
                0x08000cc0                OTG_HS_EP1_IN_IRQHandler
                0x08000cc0                DMA1_Stream0_IRQHandler
                0x08000cc0                CAN1_TX_IRQHandler
                0x08000cc0                EXTI4_IRQHandler
                0x08000cc0                FSMC_IRQHandler
                0x08000cc0                ETH_IRQHandler
                0x08000cc0                OTG_HS_EP1_OUT_IRQHandler
                0x08000cc0                WWDG_IRQHandler
                0x08000cc0                TIM2_IRQHandler
                0x08000cc0                OTG_FS_WKUP_IRQHandler
                0x08000cc0                TIM1_TRG_COM_TIM11_IRQHandler
                0x08000cc0                OTG_HS_IRQHandler
                0x08000cc0                EXTI1_IRQHandler
                0x08000cc0                USART2_IRQHandler
                0x08000cc0                I2C2_ER_IRQHandler
                0x08000cc0                DMA2_Stream1_IRQHandler
                0x08000cc0                CAN1_SCE_IRQHandler
                0x08000cc0                FLASH_IRQHandler
                0x08000cc0                DMA2_Stream4_IRQHandler
                0x08000cc0                USART1_IRQHandler
                0x08000cc0                SPI3_IRQHandler
                0x08000cc0                DMA1_Stream4_IRQHandler
                0x08000cc0                I2C1_ER_IRQHandler
                0x08000cc0                DMA2_Stream6_IRQHandler
                0x08000cc0                RTC_Alarm_IRQHandler
 *fill*         0x08000cc2        0x2 
 .text.HAL_Init
                0x08000cc4       0x44 ./Drivers/STM32F4xx_HAL_Driver/Src/stm32f4xx_hal.o
                0x08000cc4                HAL_Init
 .text.HAL_InitTick
                0x08000d08       0x60 ./Drivers/STM32F4xx_HAL_Driver/Src/stm32f4xx_hal.o
                0x08000d08                HAL_InitTick
 .text.HAL_IncTick
                0x08000d68       0x28 ./Drivers/STM32F4xx_HAL_Driver/Src/stm32f4xx_hal.o
                0x08000d68                HAL_IncTick
 .text.HAL_GetTick
                0x08000d90       0x18 ./Drivers/STM32F4xx_HAL_Driver/Src/stm32f4xx_hal.o
                0x08000d90                HAL_GetTick
 .text.HAL_Delay
                0x08000da8       0x48 ./Drivers/STM32F4xx_HAL_Driver/Src/stm32f4xx_hal.o
                0x08000da8                HAL_Delay
 .text.__NVIC_SetPriorityGrouping
                0x08000df0       0x48 ./Drivers/STM32F4xx_HAL_Driver/Src/stm32f4xx_hal_cortex.o
 .text.__NVIC_GetPriorityGrouping
                0x08000e38       0x1c ./Drivers/STM32F4xx_HAL_Driver/Src/stm32f4xx_hal_cortex.o
 .text.__NVIC_EnableIRQ
                0x08000e54       0x3c ./Drivers/STM32F4xx_HAL_Driver/Src/stm32f4xx_hal_cortex.o
 .text.__NVIC_SetPriority
                0x08000e90       0x54 ./Drivers/STM32F4xx_HAL_Driver/Src/stm32f4xx_hal_cortex.o
 .text.NVIC_EncodePriority
                0x08000ee4       0x66 ./Drivers/STM32F4xx_HAL_Driver/Src/stm32f4xx_hal_cortex.o
 *fill*         0x08000f4a        0x2 
 .text.SysTick_Config
                0x08000f4c       0x44 ./Drivers/STM32F4xx_HAL_Driver/Src/stm32f4xx_hal_cortex.o
 .text.HAL_NVIC_SetPriorityGrouping
                0x08000f90       0x16 ./Drivers/STM32F4xx_HAL_Driver/Src/stm32f4xx_hal_cortex.o
                0x08000f90                HAL_NVIC_SetPriorityGrouping
 .text.HAL_NVIC_SetPriority
                0x08000fa6       0x38 ./Drivers/STM32F4xx_HAL_Driver/Src/stm32f4xx_hal_cortex.o
                0x08000fa6                HAL_NVIC_SetPriority
 .text.HAL_NVIC_EnableIRQ
                0x08000fde       0x1c ./Drivers/STM32F4xx_HAL_Driver/Src/stm32f4xx_hal_cortex.o
                0x08000fde                HAL_NVIC_EnableIRQ
 .text.HAL_SYSTICK_Config
                0x08000ffa       0x18 ./Drivers/STM32F4xx_HAL_Driver/Src/stm32f4xx_hal_cortex.o
                0x08000ffa                HAL_SYSTICK_Config
 *fill*         0x08001012        0x2 
 .text.HAL_GPIO_Init
                0x08001014      0x338 ./Drivers/STM32F4xx_HAL_Driver/Src/stm32f4xx_hal_gpio.o
                0x08001014                HAL_GPIO_Init
 .text.HAL_GPIO_WritePin
                0x0800134c       0x32 ./Drivers/STM32F4xx_HAL_Driver/Src/stm32f4xx_hal_gpio.o
                0x0800134c                HAL_GPIO_WritePin
 *fill*         0x0800137e        0x2 
 .text.HAL_I2C_Init
                0x08001380      0x288 ./Drivers/STM32F4xx_HAL_Driver/Src/stm32f4xx_hal_i2c.o
                0x08001380                HAL_I2C_Init
 .text.HAL_I2S_Init
                0x08001608      0x280 ./Drivers/STM32F4xx_HAL_Driver/Src/stm32f4xx_hal_i2s.o
                0x08001608                HAL_I2S_Init
 .text.HAL_I2S_TxCpltCallback
                0x08001888       0x14 ./Drivers/STM32F4xx_HAL_Driver/Src/stm32f4xx_hal_i2s.o
                0x08001888                HAL_I2S_TxCpltCallback
 .text.HAL_I2S_RxCpltCallback
                0x0800189c       0x14 ./Drivers/STM32F4xx_HAL_Driver/Src/stm32f4xx_hal_i2s.o
                0x0800189c                HAL_I2S_RxCpltCallback
 .text.HAL_I2S_ErrorCallback
                0x080018b0       0x14 ./Drivers/STM32F4xx_HAL_Driver/Src/stm32f4xx_hal_i2s.o
                0x080018b0                HAL_I2S_ErrorCallback
 .text.I2S_Transmit_IT
                0x080018c4       0x5c ./Drivers/STM32F4xx_HAL_Driver/Src/stm32f4xx_hal_i2s.o
 .text.I2S_Receive_IT
                0x08001920       0x5e ./Drivers/STM32F4xx_HAL_Driver/Src/stm32f4xx_hal_i2s.o
 .text.I2S_IRQHandler
                0x0800197e      0x114 ./Drivers/STM32F4xx_HAL_Driver/Src/stm32f4xx_hal_i2s.o
 *fill*         0x08001a92        0x2 
 .text.HAL_I2SEx_FullDuplex_IRQHandler
                0x08001a94      0x2a8 ./Drivers/STM32F4xx_HAL_Driver/Src/stm32f4xx_hal_i2s_ex.o
                0x08001a94                HAL_I2SEx_FullDuplex_IRQHandler
 .text.HAL_I2SEx_TxRxCpltCallback
                0x08001d3c       0x14 ./Drivers/STM32F4xx_HAL_Driver/Src/stm32f4xx_hal_i2s_ex.o
                0x08001d3c                HAL_I2SEx_TxRxCpltCallback
 .text.I2SEx_TxISR_I2S
                0x08001d50       0x62 ./Drivers/STM32F4xx_HAL_Driver/Src/stm32f4xx_hal_i2s_ex.o
 *fill*         0x08001db2        0x2 
 .text.I2SEx_TxISR_I2SExt
                0x08001db4       0x98 ./Drivers/STM32F4xx_HAL_Driver/Src/stm32f4xx_hal_i2s_ex.o
 .text.I2SEx_RxISR_I2S
                0x08001e4c       0x64 ./Drivers/STM32F4xx_HAL_Driver/Src/stm32f4xx_hal_i2s_ex.o
 .text.I2SEx_RxISR_I2SExt
                0x08001eb0       0x98 ./Drivers/STM32F4xx_HAL_Driver/Src/stm32f4xx_hal_i2s_ex.o
 .text.HAL_PCD_Init
                0x08001f48      0x21e ./Drivers/STM32F4xx_HAL_Driver/Src/stm32f4xx_hal_pcd.o
                0x08001f48                HAL_PCD_Init
 .text.HAL_PCD_Start
                0x08002166       0x6a ./Drivers/STM32F4xx_HAL_Driver/Src/stm32f4xx_hal_pcd.o
                0x08002166                HAL_PCD_Start
 .text.HAL_PCD_IRQHandler
                0x080021d0      0x942 ./Drivers/STM32F4xx_HAL_Driver/Src/stm32f4xx_hal_pcd.o
                0x080021d0                HAL_PCD_IRQHandler
 .text.HAL_PCD_SetAddress
                0x08002b12       0x48 ./Drivers/STM32F4xx_HAL_Driver/Src/stm32f4xx_hal_pcd.o
                0x08002b12                HAL_PCD_SetAddress
 .text.HAL_PCD_EP_Open
                0x08002b5a       0xd4 ./Drivers/STM32F4xx_HAL_Driver/Src/stm32f4xx_hal_pcd.o
                0x08002b5a                HAL_PCD_EP_Open
 .text.HAL_PCD_EP_Close
                0x08002c2e       0x94 ./Drivers/STM32F4xx_HAL_Driver/Src/stm32f4xx_hal_pcd.o
                0x08002c2e                HAL_PCD_EP_Close
 .text.HAL_PCD_EP_Receive
                0x08002cc2       0x76 ./Drivers/STM32F4xx_HAL_Driver/Src/stm32f4xx_hal_pcd.o
                0x08002cc2                HAL_PCD_EP_Receive
 .text.HAL_PCD_EP_GetRxCount
                0x08002d38       0x30 ./Drivers/STM32F4xx_HAL_Driver/Src/stm32f4xx_hal_pcd.o
                0x08002d38                HAL_PCD_EP_GetRxCount
 .text.HAL_PCD_EP_Transmit
                0x08002d68       0x74 ./Drivers/STM32F4xx_HAL_Driver/Src/stm32f4xx_hal_pcd.o
                0x08002d68                HAL_PCD_EP_Transmit
 .text.HAL_PCD_EP_SetStall
                0x08002ddc       0xc6 ./Drivers/STM32F4xx_HAL_Driver/Src/stm32f4xx_hal_pcd.o
                0x08002ddc                HAL_PCD_EP_SetStall
 .text.HAL_PCD_EP_ClrStall
                0x08002ea2       0xac ./Drivers/STM32F4xx_HAL_Driver/Src/stm32f4xx_hal_pcd.o
                0x08002ea2                HAL_PCD_EP_ClrStall
 .text.HAL_PCD_EP_Abort
                0x08002f4e       0x62 ./Drivers/STM32F4xx_HAL_Driver/Src/stm32f4xx_hal_pcd.o
                0x08002f4e                HAL_PCD_EP_Abort
 .text.PCD_WriteEmptyTxFifo
                0x08002fb0      0x118 ./Drivers/STM32F4xx_HAL_Driver/Src/stm32f4xx_hal_pcd.o
 .text.PCD_EP_OutXfrComplete_int
                0x080030c8      0x1d0 ./Drivers/STM32F4xx_HAL_Driver/Src/stm32f4xx_hal_pcd.o
 .text.PCD_EP_OutSetupPacket_int
                0x08003298       0x8c ./Drivers/STM32F4xx_HAL_Driver/Src/stm32f4xx_hal_pcd.o
 .text.HAL_PCDEx_SetTxFiFo
                0x08003324       0x8e ./Drivers/STM32F4xx_HAL_Driver/Src/stm32f4xx_hal_pcd_ex.o
                0x08003324                HAL_PCDEx_SetTxFiFo
 .text.HAL_PCDEx_SetRxFiFo
                0x080033b2       0x22 ./Drivers/STM32F4xx_HAL_Driver/Src/stm32f4xx_hal_pcd_ex.o
                0x080033b2                HAL_PCDEx_SetRxFiFo
 .text.HAL_PCDEx_LPM_Callback
                0x080033d4       0x18 ./Drivers/STM32F4xx_HAL_Driver/Src/stm32f4xx_hal_pcd_ex.o
                0x080033d4                HAL_PCDEx_LPM_Callback
 .text.HAL_RCC_OscConfig
                0x080033ec      0x4f0 ./Drivers/STM32F4xx_HAL_Driver/Src/stm32f4xx_hal_rcc.o
                0x080033ec                HAL_RCC_OscConfig
 .text.HAL_RCC_ClockConfig
                0x080038dc      0x1cc ./Drivers/STM32F4xx_HAL_Driver/Src/stm32f4xx_hal_rcc.o
                0x080038dc                HAL_RCC_ClockConfig
 .text.HAL_RCC_GetSysClockFreq
                0x08003aa8      0x20c ./Drivers/STM32F4xx_HAL_Driver/Src/stm32f4xx_hal_rcc.o
                0x08003aa8                HAL_RCC_GetSysClockFreq
 .text.HAL_RCC_GetHCLKFreq
                0x08003cb4       0x18 ./Drivers/STM32F4xx_HAL_Driver/Src/stm32f4xx_hal_rcc.o
                0x08003cb4                HAL_RCC_GetHCLKFreq
 .text.HAL_RCC_GetPCLK1Freq
                0x08003ccc       0x28 ./Drivers/STM32F4xx_HAL_Driver/Src/stm32f4xx_hal_rcc.o
                0x08003ccc                HAL_RCC_GetPCLK1Freq
 .text.HAL_RCCEx_PeriphCLKConfig
                0x08003cf4      0x1c4 ./Drivers/STM32F4xx_HAL_Driver/Src/stm32f4xx_hal_rcc_ex.o
                0x08003cf4                HAL_RCCEx_PeriphCLKConfig
 .text.HAL_RCCEx_GetPeriphCLKFreq
                0x08003eb8       0xc0 ./Drivers/STM32F4xx_HAL_Driver/Src/stm32f4xx_hal_rcc_ex.o
                0x08003eb8                HAL_RCCEx_GetPeriphCLKFreq
 .text.HAL_SPI_Init
                0x08003f78      0x112 ./Drivers/STM32F4xx_HAL_Driver/Src/stm32f4xx_hal_spi.o
                0x08003f78                HAL_SPI_Init
 .text.USB_CoreInit
                0x0800408a       0xc8 ./Drivers/STM32F4xx_HAL_Driver/Src/stm32f4xx_ll_usb.o
                0x0800408a                USB_CoreInit
 *fill*         0x08004152        0x2 
 .text.USB_SetTurnaroundTime
                0x08004154      0x144 ./Drivers/STM32F4xx_HAL_Driver/Src/stm32f4xx_ll_usb.o
                0x08004154                USB_SetTurnaroundTime
 .text.USB_EnableGlobalInt
                0x08004298       0x22 ./Drivers/STM32F4xx_HAL_Driver/Src/stm32f4xx_ll_usb.o
                0x08004298                USB_EnableGlobalInt
 .text.USB_DisableGlobalInt
                0x080042ba       0x22 ./Drivers/STM32F4xx_HAL_Driver/Src/stm32f4xx_ll_usb.o
                0x080042ba                USB_DisableGlobalInt
 .text.USB_SetCurrentMode
                0x080042dc       0x98 ./Drivers/STM32F4xx_HAL_Driver/Src/stm32f4xx_ll_usb.o
                0x080042dc                USB_SetCurrentMode
 .text.USB_DevInit
                0x08004374      0x2c8 ./Drivers/STM32F4xx_HAL_Driver/Src/stm32f4xx_ll_usb.o
                0x08004374                USB_DevInit
 .text.USB_FlushTxFifo
                0x0800463c       0x64 ./Drivers/STM32F4xx_HAL_Driver/Src/stm32f4xx_ll_usb.o
                0x0800463c                USB_FlushTxFifo
 .text.USB_FlushRxFifo
                0x080046a0       0x5c ./Drivers/STM32F4xx_HAL_Driver/Src/stm32f4xx_ll_usb.o
                0x080046a0                USB_FlushRxFifo
 .text.USB_SetDevSpeed
                0x080046fc       0x32 ./Drivers/STM32F4xx_HAL_Driver/Src/stm32f4xx_ll_usb.o
                0x080046fc                USB_SetDevSpeed
 .text.USB_GetDevSpeed
                0x0800472e       0x4a ./Drivers/STM32F4xx_HAL_Driver/Src/stm32f4xx_ll_usb.o
                0x0800472e                USB_GetDevSpeed
 .text.USB_ActivateEndpoint
                0x08004778      0x10e ./Drivers/STM32F4xx_HAL_Driver/Src/stm32f4xx_ll_usb.o
                0x08004778                USB_ActivateEndpoint
 *fill*         0x08004886        0x2 
 .text.USB_DeactivateEndpoint
                0x08004888      0x1b8 ./Drivers/STM32F4xx_HAL_Driver/Src/stm32f4xx_ll_usb.o
                0x08004888                USB_DeactivateEndpoint
 .text.USB_EPStartXfer
                0x08004a40      0x53c ./Drivers/STM32F4xx_HAL_Driver/Src/stm32f4xx_ll_usb.o
                0x08004a40                USB_EPStartXfer
 .text.USB_EPStopXfer
                0x08004f7c      0x154 ./Drivers/STM32F4xx_HAL_Driver/Src/stm32f4xx_ll_usb.o
                0x08004f7c                USB_EPStopXfer
 .text.USB_WritePacket
                0x080050d0       0x7c ./Drivers/STM32F4xx_HAL_Driver/Src/stm32f4xx_ll_usb.o
                0x080050d0                USB_WritePacket
 .text.USB_ReadPacket
                0x0800514c       0xb0 ./Drivers/STM32F4xx_HAL_Driver/Src/stm32f4xx_ll_usb.o
                0x0800514c                USB_ReadPacket
 .text.USB_EPSetStall
                0x080051fc       0xdc ./Drivers/STM32F4xx_HAL_Driver/Src/stm32f4xx_ll_usb.o
                0x080051fc                USB_EPSetStall
 .text.USB_EPClearStall
                0x080052d8       0xcc ./Drivers/STM32F4xx_HAL_Driver/Src/stm32f4xx_ll_usb.o
                0x080052d8                USB_EPClearStall
 .text.USB_SetDevAddress
                0x080053a4       0x4c ./Drivers/STM32F4xx_HAL_Driver/Src/stm32f4xx_ll_usb.o
                0x080053a4                USB_SetDevAddress
 .text.USB_DevConnect
                0x080053f0       0x42 ./Drivers/STM32F4xx_HAL_Driver/Src/stm32f4xx_ll_usb.o
                0x080053f0                USB_DevConnect
 .text.USB_DevDisconnect
                0x08005432       0x42 ./Drivers/STM32F4xx_HAL_Driver/Src/stm32f4xx_ll_usb.o
                0x08005432                USB_DevDisconnect
 .text.USB_ReadInterrupts
                0x08005474       0x26 ./Drivers/STM32F4xx_HAL_Driver/Src/stm32f4xx_ll_usb.o
                0x08005474                USB_ReadInterrupts
 .text.USB_ReadDevAllOutEpInterrupt
                0x0800549a       0x34 ./Drivers/STM32F4xx_HAL_Driver/Src/stm32f4xx_ll_usb.o
                0x0800549a                USB_ReadDevAllOutEpInterrupt
 .text.USB_ReadDevAllInEpInterrupt
                0x080054ce       0x34 ./Drivers/STM32F4xx_HAL_Driver/Src/stm32f4xx_ll_usb.o
                0x080054ce                USB_ReadDevAllInEpInterrupt
 .text.USB_ReadDevOutEPInterrupt
                0x08005502       0x3c ./Drivers/STM32F4xx_HAL_Driver/Src/stm32f4xx_ll_usb.o
                0x08005502                USB_ReadDevOutEPInterrupt
 .text.USB_ReadDevInEPInterrupt
                0x0800553e       0x5c ./Drivers/STM32F4xx_HAL_Driver/Src/stm32f4xx_ll_usb.o
                0x0800553e                USB_ReadDevInEPInterrupt
 .text.USB_GetMode
                0x0800559a       0x1c ./Drivers/STM32F4xx_HAL_Driver/Src/stm32f4xx_ll_usb.o
                0x0800559a                USB_GetMode
 .text.USB_ActivateSetup
                0x080055b6       0x46 ./Drivers/STM32F4xx_HAL_Driver/Src/stm32f4xx_ll_usb.o
                0x080055b6                USB_ActivateSetup
 .text.USB_EP0_OutStart
                0x080055fc       0xbc ./Drivers/STM32F4xx_HAL_Driver/Src/stm32f4xx_ll_usb.o
                0x080055fc                USB_EP0_OutStart
 .text.USB_CoreReset
                0x080056b8       0x70 ./Drivers/STM32F4xx_HAL_Driver/Src/stm32f4xx_ll_usb.o
 .text.USBD_CDC_Init
                0x08005728      0x1f0 ./Middlewares/ST/STM32_USB_Device_Library/Class/CDC/Src/usbd_cdc.o
 .text.USBD_CDC_DeInit
                0x08005918      0x104 ./Middlewares/ST/STM32_USB_Device_Library/Class/CDC/Src/usbd_cdc.o
 .text.USBD_CDC_Setup
                0x08005a1c      0x1b8 ./Middlewares/ST/STM32_USB_Device_Library/Class/CDC/Src/usbd_cdc.o
 .text.USBD_CDC_DataIn
                0x08005bd4       0xfe ./Middlewares/ST/STM32_USB_Device_Library/Class/CDC/Src/usbd_cdc.o
 .text.USBD_CDC_DataOut
                0x08005cd2       0x70 ./Middlewares/ST/STM32_USB_Device_Library/Class/CDC/Src/usbd_cdc.o
 .text.USBD_CDC_EP0_RxReady
                0x08005d42       0x74 ./Middlewares/ST/STM32_USB_Device_Library/Class/CDC/Src/usbd_cdc.o
 *fill*         0x08005db6        0x2 
 .text.USBD_CDC_GetFSCfgDesc
                0x08005db8       0x70 ./Middlewares/ST/STM32_USB_Device_Library/Class/CDC/Src/usbd_cdc.o
 .text.USBD_CDC_GetHSCfgDesc
                0x08005e28       0x70 ./Middlewares/ST/STM32_USB_Device_Library/Class/CDC/Src/usbd_cdc.o
 .text.USBD_CDC_GetOtherSpeedCfgDesc
                0x08005e98       0x70 ./Middlewares/ST/STM32_USB_Device_Library/Class/CDC/Src/usbd_cdc.o
 .text.USBD_CDC_GetDeviceQualifierDescriptor
                0x08005f08       0x20 ./Middlewares/ST/STM32_USB_Device_Library/Class/CDC/Src/usbd_cdc.o
                0x08005f08                USBD_CDC_GetDeviceQualifierDescriptor
 .text.USBD_CDC_RegisterInterface
                0x08005f28       0x34 ./Middlewares/ST/STM32_USB_Device_Library/Class/CDC/Src/usbd_cdc.o
                0x08005f28                USBD_CDC_RegisterInterface
 .text.USBD_CDC_SetTxBuffer
                0x08005f5c       0x44 ./Middlewares/ST/STM32_USB_Device_Library/Class/CDC/Src/usbd_cdc.o
                0x08005f5c                USBD_CDC_SetTxBuffer
 .text.USBD_CDC_SetRxBuffer
                0x08005fa0       0x3a ./Middlewares/ST/STM32_USB_Device_Library/Class/CDC/Src/usbd_cdc.o
                0x08005fa0                USBD_CDC_SetRxBuffer
 *fill*         0x08005fda        0x2 
 .text.USBD_CDC_TransmitPacket
                0x08005fdc       0x80 ./Middlewares/ST/STM32_USB_Device_Library/Class/CDC/Src/usbd_cdc.o
                0x08005fdc                USBD_CDC_TransmitPacket
 .text.USBD_CDC_ReceivePacket
                0x0800605c       0x6c ./Middlewares/ST/STM32_USB_Device_Library/Class/CDC/Src/usbd_cdc.o
                0x0800605c                USBD_CDC_ReceivePacket
 .text.USBD_Init
                0x080060c8       0x60 ./Middlewares/ST/STM32_USB_Device_Library/Core/Src/usbd_core.o
                0x080060c8                USBD_Init
 .text.USBD_RegisterClass
                0x08006128       0x6c ./Middlewares/ST/STM32_USB_Device_Library/Core/Src/usbd_core.o
                0x08006128                USBD_RegisterClass
 .text.USBD_Start
                0x08006194       0x18 ./Middlewares/ST/STM32_USB_Device_Library/Core/Src/usbd_core.o
                0x08006194                USBD_Start
 .text.USBD_RunTestMode
                0x080061ac       0x16 ./Middlewares/ST/STM32_USB_Device_Library/Core/Src/usbd_core.o
                0x080061ac                USBD_RunTestMode
 .text.USBD_SetClassConfig
                0x080061c2       0x38 ./Middlewares/ST/STM32_USB_Device_Library/Core/Src/usbd_core.o
                0x080061c2                USBD_SetClassConfig
 .text.USBD_ClrClassConfig
                0x080061fa       0x34 ./Middlewares/ST/STM32_USB_Device_Library/Core/Src/usbd_core.o
                0x080061fa                USBD_ClrClassConfig
 .text.USBD_LL_SetupStage
                0x0800622e       0xaa ./Middlewares/ST/STM32_USB_Device_Library/Core/Src/usbd_core.o
                0x0800622e                USBD_LL_SetupStage
 .text.USBD_LL_DataOutStage
                0x080062d8      0x178 ./Middlewares/ST/STM32_USB_Device_Library/Core/Src/usbd_core.o
                0x080062d8                USBD_LL_DataOutStage
 .text.USBD_LL_DataInStage
                0x08006450      0x176 ./Middlewares/ST/STM32_USB_Device_Library/Core/Src/usbd_core.o
                0x08006450                USBD_LL_DataInStage
 .text.USBD_LL_Reset
                0x080065c6       0xa6 ./Middlewares/ST/STM32_USB_Device_Library/Core/Src/usbd_core.o
                0x080065c6                USBD_LL_Reset
 .text.USBD_LL_SetSpeed
                0x0800666c       0x20 ./Middlewares/ST/STM32_USB_Device_Library/Core/Src/usbd_core.o
                0x0800666c                USBD_LL_SetSpeed
 .text.USBD_LL_Suspend
                0x0800668c       0x38 ./Middlewares/ST/STM32_USB_Device_Library/Core/Src/usbd_core.o
                0x0800668c                USBD_LL_Suspend
 .text.USBD_LL_Resume
                0x080066c4       0x30 ./Middlewares/ST/STM32_USB_Device_Library/Core/Src/usbd_core.o
                0x080066c4                USBD_LL_Resume
 .text.USBD_LL_SOF
                0x080066f4       0x40 ./Middlewares/ST/STM32_USB_Device_Library/Core/Src/usbd_core.o
                0x080066f4                USBD_LL_SOF
 .text.USBD_LL_IsoINIncomplete
                0x08006734       0x64 ./Middlewares/ST/STM32_USB_Device_Library/Core/Src/usbd_core.o
                0x08006734                USBD_LL_IsoINIncomplete
 .text.USBD_LL_IsoOUTIncomplete
                0x08006798       0x64 ./Middlewares/ST/STM32_USB_Device_Library/Core/Src/usbd_core.o
                0x08006798                USBD_LL_IsoOUTIncomplete
 .text.USBD_LL_DevConnected
                0x080067fc       0x16 ./Middlewares/ST/STM32_USB_Device_Library/Core/Src/usbd_core.o
                0x080067fc                USBD_LL_DevConnected
 .text.USBD_LL_DevDisconnected
                0x08006812       0x46 ./Middlewares/ST/STM32_USB_Device_Library/Core/Src/usbd_core.o
                0x08006812                USBD_LL_DevDisconnected
 .text.USBD_CoreFindIF
                0x08006858       0x1a ./Middlewares/ST/STM32_USB_Device_Library/Core/Src/usbd_core.o
                0x08006858                USBD_CoreFindIF
 .text.USBD_CoreFindEP
                0x08006872       0x1a ./Middlewares/ST/STM32_USB_Device_Library/Core/Src/usbd_core.o
                0x08006872                USBD_CoreFindEP
 .text.USBD_GetEpDesc
                0x0800688c       0x70 ./Middlewares/ST/STM32_USB_Device_Library/Core/Src/usbd_core.o
                0x0800688c                USBD_GetEpDesc
 .text.USBD_GetNextDesc
                0x080068fc       0x38 ./Middlewares/ST/STM32_USB_Device_Library/Core/Src/usbd_core.o
                0x080068fc                USBD_GetNextDesc
 .text.SWAPBYTE
                0x08006934       0x3e ./Middlewares/ST/STM32_USB_Device_Library/Core/Src/usbd_ctlreq.o
 *fill*         0x08006972        0x2 
 .text.USBD_StdDevReq
                0x08006974       0xe4 ./Middlewares/ST/STM32_USB_Device_Library/Core/Src/usbd_ctlreq.o
                0x08006974                USBD_StdDevReq
 .text.USBD_StdItfReq
                0x08006a58       0xd8 ./Middlewares/ST/STM32_USB_Device_Library/Core/Src/usbd_ctlreq.o
                0x08006a58                USBD_StdItfReq
 .text.USBD_StdEPReq
                0x08006b30      0x33e ./Middlewares/ST/STM32_USB_Device_Library/Core/Src/usbd_ctlreq.o
                0x08006b30                USBD_StdEPReq
 *fill*         0x08006e6e        0x2 
 .text.USBD_GetDescriptor
                0x08006e70      0x2d4 ./Middlewares/ST/STM32_USB_Device_Library/Core/Src/usbd_ctlreq.o
 .text.USBD_SetAddress
                0x08007144       0x88 ./Middlewares/ST/STM32_USB_Device_Library/Core/Src/usbd_ctlreq.o
 .text.USBD_SetConfig
                0x080071cc      0x154 ./Middlewares/ST/STM32_USB_Device_Library/Core/Src/usbd_ctlreq.o
 .text.USBD_GetConfig
                0x08007320       0x6c ./Middlewares/ST/STM32_USB_Device_Library/Core/Src/usbd_ctlreq.o
 .text.USBD_GetStatus
                0x0800738c       0x68 ./Middlewares/ST/STM32_USB_Device_Library/Core/Src/usbd_ctlreq.o
 .text.USBD_SetFeature
                0x080073f4       0x52 ./Middlewares/ST/STM32_USB_Device_Library/Core/Src/usbd_ctlreq.o
 .text.USBD_ClrFeature
                0x08007446       0x44 ./Middlewares/ST/STM32_USB_Device_Library/Core/Src/usbd_ctlreq.o
 .text.USBD_ParseSetupRequest
                0x0800748a       0x74 ./Middlewares/ST/STM32_USB_Device_Library/Core/Src/usbd_ctlreq.o
                0x0800748a                USBD_ParseSetupRequest
 .text.USBD_CtlError
                0x080074fe       0x22 ./Middlewares/ST/STM32_USB_Device_Library/Core/Src/usbd_ctlreq.o
                0x080074fe                USBD_CtlError
 .text.USBD_GetString
                0x08007520       0xa4 ./Middlewares/ST/STM32_USB_Device_Library/Core/Src/usbd_ctlreq.o
                0x08007520                USBD_GetString
 .text.USBD_GetLen
                0x080075c4       0x34 ./Middlewares/ST/STM32_USB_Device_Library/Core/Src/usbd_ctlreq.o
 .text.USBD_CtlSendData
                0x080075f8       0x3c ./Middlewares/ST/STM32_USB_Device_Library/Core/Src/usbd_ioreq.o
                0x080075f8                USBD_CtlSendData
 .text.USBD_CtlContinueSendData
                0x08007634       0x22 ./Middlewares/ST/STM32_USB_Device_Library/Core/Src/usbd_ioreq.o
                0x08007634                USBD_CtlContinueSendData
 .text.USBD_CtlPrepareRx
                0x08007656       0x42 ./Middlewares/ST/STM32_USB_Device_Library/Core/Src/usbd_ioreq.o
                0x08007656                USBD_CtlPrepareRx
 .text.USBD_CtlContinueRx
                0x08007698       0x22 ./Middlewares/ST/STM32_USB_Device_Library/Core/Src/usbd_ioreq.o
                0x08007698                USBD_CtlContinueRx
 .text.USBD_CtlSendStatus
                0x080076ba       0x26 ./Middlewares/ST/STM32_USB_Device_Library/Core/Src/usbd_ioreq.o
                0x080076ba                USBD_CtlSendStatus
 .text.USBD_CtlReceiveStatus
                0x080076e0       0x26 ./Middlewares/ST/STM32_USB_Device_Library/Core/Src/usbd_ioreq.o
                0x080076e0                USBD_CtlReceiveStatus
 *fill*         0x08007706        0x2 
 .text.MX_USB_DEVICE_Init
                0x08007708       0x60 ./USB_DEVICE/App/usb_device.o
                0x08007708                MX_USB_DEVICE_Init
 .text.CDC_Init_FS
                0x08007768       0x28 ./USB_DEVICE/App/usbd_cdc_if.o
 .text.CDC_DeInit_FS
                0x08007790       0x10 ./USB_DEVICE/App/usbd_cdc_if.o
 .text.CDC_Control_FS
                0x080077a0       0xbc ./USB_DEVICE/App/usbd_cdc_if.o
 .text.CDC_Receive_FS
                0x0800785c       0x28 ./USB_DEVICE/App/usbd_cdc_if.o
 .text.CDC_Transmit_FS
                0x08007884       0x4c ./USB_DEVICE/App/usbd_cdc_if.o
                0x08007884                CDC_Transmit_FS
 .text.CDC_TransmitCplt_FS
                0x080078d0       0x22 ./USB_DEVICE/App/usbd_cdc_if.o
 *fill*         0x080078f2        0x2 
 .text.USBD_FS_DeviceDescriptor
                0x080078f4       0x24 ./USB_DEVICE/App/usbd_desc.o
                0x080078f4                USBD_FS_DeviceDescriptor
 .text.USBD_FS_LangIDStrDescriptor
                0x08007918       0x24 ./USB_DEVICE/App/usbd_desc.o
                0x08007918                USBD_FS_LangIDStrDescriptor
 .text.USBD_FS_ProductStrDescriptor
                0x0800793c       0x3c ./USB_DEVICE/App/usbd_desc.o
                0x0800793c                USBD_FS_ProductStrDescriptor
 .text.USBD_FS_ManufacturerStrDescriptor
                0x08007978       0x28 ./USB_DEVICE/App/usbd_desc.o
                0x08007978                USBD_FS_ManufacturerStrDescriptor
 .text.USBD_FS_SerialStrDescriptor
                0x080079a0       0x24 ./USB_DEVICE/App/usbd_desc.o
                0x080079a0                USBD_FS_SerialStrDescriptor
 .text.USBD_FS_ConfigStrDescriptor
                0x080079c4       0x3c ./USB_DEVICE/App/usbd_desc.o
                0x080079c4                USBD_FS_ConfigStrDescriptor
 .text.USBD_FS_InterfaceStrDescriptor
                0x08007a00       0x3c ./USB_DEVICE/App/usbd_desc.o
                0x08007a00                USBD_FS_InterfaceStrDescriptor
 .text.Get_SerialNum
                0x08007a3c       0x58 ./USB_DEVICE/App/usbd_desc.o
 .text.IntToUnicode
                0x08007a94       0x7e ./USB_DEVICE/App/usbd_desc.o
 *fill*         0x08007b12        0x2 
 .text.HAL_PCD_MspInit
                0x08007b14       0xc4 ./USB_DEVICE/Target/usbd_conf.o
                0x08007b14                HAL_PCD_MspInit
 .text.HAL_PCD_SetupStageCallback
                0x08007bd8       0x24 ./USB_DEVICE/Target/usbd_conf.o
                0x08007bd8                HAL_PCD_SetupStageCallback
 .text.HAL_PCD_DataOutStageCallback
                0x08007bfc       0x36 ./USB_DEVICE/Target/usbd_conf.o
                0x08007bfc                HAL_PCD_DataOutStageCallback
 .text.HAL_PCD_DataInStageCallback
                0x08007c32       0x34 ./USB_DEVICE/Target/usbd_conf.o
                0x08007c32                HAL_PCD_DataInStageCallback
 .text.HAL_PCD_SOFCallback
                0x08007c66       0x1c ./USB_DEVICE/Target/usbd_conf.o
                0x08007c66                HAL_PCD_SOFCallback
 .text.HAL_PCD_ResetCallback
                0x08007c82       0x50 ./USB_DEVICE/Target/usbd_conf.o
                0x08007c82                HAL_PCD_ResetCallback
 *fill*         0x08007cd2        0x2 
 .text.HAL_PCD_SuspendCallback
                0x08007cd4       0x4c ./USB_DEVICE/Target/usbd_conf.o
                0x08007cd4                HAL_PCD_SuspendCallback
 .text.HAL_PCD_ResumeCallback
                0x08007d20       0x1c ./USB_DEVICE/Target/usbd_conf.o
                0x08007d20                HAL_PCD_ResumeCallback
 .text.HAL_PCD_ISOOUTIncompleteCallback
                0x08007d3c       0x24 ./USB_DEVICE/Target/usbd_conf.o
                0x08007d3c                HAL_PCD_ISOOUTIncompleteCallback
 .text.HAL_PCD_ISOINIncompleteCallback
                0x08007d60       0x24 ./USB_DEVICE/Target/usbd_conf.o
                0x08007d60                HAL_PCD_ISOINIncompleteCallback
 .text.HAL_PCD_ConnectCallback
                0x08007d84       0x1c ./USB_DEVICE/Target/usbd_conf.o
                0x08007d84                HAL_PCD_ConnectCallback
 .text.HAL_PCD_DisconnectCallback
                0x08007da0       0x1c ./USB_DEVICE/Target/usbd_conf.o
                0x08007da0                HAL_PCD_DisconnectCallback
 .text.USBD_LL_Init
                0x08007dbc       0x98 ./USB_DEVICE/Target/usbd_conf.o
                0x08007dbc                USBD_LL_Init
 .text.USBD_LL_Start
                0x08007e54       0x36 ./USB_DEVICE/Target/usbd_conf.o
                0x08007e54                USBD_LL_Start
 .text.USBD_LL_OpenEP
                0x08007e8a       0x4c ./USB_DEVICE/Target/usbd_conf.o
                0x08007e8a                USBD_LL_OpenEP
 .text.USBD_LL_CloseEP
                0x08007ed6       0x3e ./USB_DEVICE/Target/usbd_conf.o
                0x08007ed6                USBD_LL_CloseEP
 .text.USBD_LL_StallEP
                0x08007f14       0x3e ./USB_DEVICE/Target/usbd_conf.o
                0x08007f14                USBD_LL_StallEP
 .text.USBD_LL_ClearStallEP
                0x08007f52       0x3e ./USB_DEVICE/Target/usbd_conf.o
                0x08007f52                USBD_LL_ClearStallEP
 .text.USBD_LL_IsStallEP
                0x08007f90       0x58 ./USB_DEVICE/Target/usbd_conf.o
                0x08007f90                USBD_LL_IsStallEP
 .text.USBD_LL_SetUSBAddress
                0x08007fe8       0x3e ./USB_DEVICE/Target/usbd_conf.o
                0x08007fe8                USBD_LL_SetUSBAddress
 .text.USBD_LL_Transmit
                0x08008026       0x42 ./USB_DEVICE/Target/usbd_conf.o
                0x08008026                USBD_LL_Transmit
 .text.USBD_LL_PrepareReceive
                0x08008068       0x42 ./USB_DEVICE/Target/usbd_conf.o
                0x08008068                USBD_LL_PrepareReceive
 .text.USBD_LL_GetRxDataSize
                0x080080aa       0x26 ./USB_DEVICE/Target/usbd_conf.o
                0x080080aa                USBD_LL_GetRxDataSize
 .text.USBD_static_malloc
                0x080080d0       0x1c ./USB_DEVICE/Target/usbd_conf.o
                0x080080d0                USBD_static_malloc
 .text.USBD_static_free
                0x080080ec       0x14 ./USB_DEVICE/Target/usbd_conf.o
                0x080080ec                USBD_static_free
 .text.USBD_Get_USB_Status
                0x08008100       0x58 ./USB_DEVICE/Target/usbd_conf.o
                0x08008100                USBD_Get_USB_Status
 .text.memset   0x08008158       0x10 /Applications/STM32CubeIDE.app/Contents/Eclipse/plugins/com.st.stm32cube.ide.mcu.externaltools.gnu-tools-for-stm32.13.3.rel1.macos64_1.0.0.202411102158/tools/bin/../lib/gcc/arm-none-eabi/13.3.1/../../../../arm-none-eabi/lib/thumb/v7e-m+fp/hard/libc_nano.a(libc_a-memset.o)
                0x08008158                memset
 .text.__libc_init_array
                0x08008168       0x48 /Applications/STM32CubeIDE.app/Contents/Eclipse/plugins/com.st.stm32cube.ide.mcu.externaltools.gnu-tools-for-stm32.13.3.rel1.macos64_1.0.0.202411102158/tools/bin/../lib/gcc/arm-none-eabi/13.3.1/../../../../arm-none-eabi/lib/thumb/v7e-m+fp/hard/libc_nano.a(libc_a-init.o)
                0x08008168                __libc_init_array
 *(.glue_7)
 .glue_7        0x080081b0        0x0 linker stubs
 *(.glue_7t)
 .glue_7t       0x080081b0        0x0 linker stubs
 *(.eh_frame)
 .eh_frame      0x080081b0        0x0 /Applications/STM32CubeIDE.app/Contents/Eclipse/plugins/com.st.stm32cube.ide.mcu.externaltools.gnu-tools-for-stm32.13.3.rel1.macos64_1.0.0.202411102158/tools/bin/../lib/gcc/arm-none-eabi/13.3.1/thumb/v7e-m+fp/hard/crtbegin.o
 *(.init)
 .init          0x080081b0        0x4 /Applications/STM32CubeIDE.app/Contents/Eclipse/plugins/com.st.stm32cube.ide.mcu.externaltools.gnu-tools-for-stm32.13.3.rel1.macos64_1.0.0.202411102158/tools/bin/../lib/gcc/arm-none-eabi/13.3.1/thumb/v7e-m+fp/hard/crti.o
                0x080081b0                _init
 .init          0x080081b4        0x8 /Applications/STM32CubeIDE.app/Contents/Eclipse/plugins/com.st.stm32cube.ide.mcu.externaltools.gnu-tools-for-stm32.13.3.rel1.macos64_1.0.0.202411102158/tools/bin/../lib/gcc/arm-none-eabi/13.3.1/thumb/v7e-m+fp/hard/crtn.o
 *(.fini)
 .fini          0x080081bc        0x4 /Applications/STM32CubeIDE.app/Contents/Eclipse/plugins/com.st.stm32cube.ide.mcu.externaltools.gnu-tools-for-stm32.13.3.rel1.macos64_1.0.0.202411102158/tools/bin/../lib/gcc/arm-none-eabi/13.3.1/thumb/v7e-m+fp/hard/crti.o
                0x080081bc                _fini
 .fini          0x080081c0        0x8 /Applications/STM32CubeIDE.app/Contents/Eclipse/plugins/com.st.stm32cube.ide.mcu.externaltools.gnu-tools-for-stm32.13.3.rel1.macos64_1.0.0.202411102158/tools/bin/../lib/gcc/arm-none-eabi/13.3.1/thumb/v7e-m+fp/hard/crtn.o
                0x080081c8                        . = ALIGN (0x4)
                0x080081c8                        _etext = .

.vfp11_veneer   0x080081c8        0x0
 .vfp11_veneer  0x080081c8        0x0 linker stubs

.v4_bx          0x080081c8        0x0
 .v4_bx         0x080081c8        0x0 linker stubs

.iplt           0x080081c8        0x0
 .iplt          0x080081c8        0x0 /Applications/STM32CubeIDE.app/Contents/Eclipse/plugins/com.st.stm32cube.ide.mcu.externaltools.gnu-tools-for-stm32.13.3.rel1.macos64_1.0.0.202411102158/tools/bin/../lib/gcc/arm-none-eabi/13.3.1/thumb/v7e-m+fp/hard/crtbegin.o

.rodata         0x080081c8       0x68
                0x080081c8                        . = ALIGN (0x4)
 *(.rodata)
 .rodata        0x080081c8        0x8 ./Core/Src/main.o
 .rodata        0x080081d0       0x46 ./USB_DEVICE/App/usbd_desc.o
 *(.rodata*)
 *fill*         0x08008216        0x2 
 .rodata.AHBPrescTable
                0x08008218       0x10 ./Core/Src/system_stm32f4xx.o
                0x08008218                AHBPrescTable
 .rodata.APBPrescTable
                0x08008228        0x8 ./Core/Src/system_stm32f4xx.o
                0x08008228                APBPrescTable
                0x08008230                        . = ALIGN (0x4)

.ARM.extab      0x08008230        0x0
                0x08008230                        . = ALIGN (0x4)
 *(.ARM.extab* .gnu.linkonce.armextab.*)
                0x08008230                        . = ALIGN (0x4)

.ARM            0x08008230        0x8
                0x08008230                        . = ALIGN (0x4)
                0x08008230                        __exidx_start = .
 *(.ARM.exidx*)
 .ARM.exidx     0x08008230        0x8 /Applications/STM32CubeIDE.app/Contents/Eclipse/plugins/com.st.stm32cube.ide.mcu.externaltools.gnu-tools-for-stm32.13.3.rel1.macos64_1.0.0.202411102158/tools/bin/../lib/gcc/arm-none-eabi/13.3.1/thumb/v7e-m+fp/hard/libgcc.a(_udivmoddi4.o)
                0x08008238                        __exidx_end = .
                0x08008238                        . = ALIGN (0x4)

.preinit_array  0x08008238        0x0
                0x08008238                        . = ALIGN (0x4)
                0x08008238                        PROVIDE (__preinit_array_start = .)
 *(.preinit_array*)
                0x08008238                        PROVIDE (__preinit_array_end = .)
                0x08008238                        . = ALIGN (0x4)

.init_array     0x08008238        0x4
                0x08008238                        . = ALIGN (0x4)
                0x08008238                        PROVIDE (__init_array_start = .)
 *(SORT_BY_NAME(.init_array.*))
 *(.init_array*)
 .init_array    0x08008238        0x4 /Applications/STM32CubeIDE.app/Contents/Eclipse/plugins/com.st.stm32cube.ide.mcu.externaltools.gnu-tools-for-stm32.13.3.rel1.macos64_1.0.0.202411102158/tools/bin/../lib/gcc/arm-none-eabi/13.3.1/thumb/v7e-m+fp/hard/crtbegin.o
                0x0800823c                        PROVIDE (__init_array_end = .)
                0x0800823c                        . = ALIGN (0x4)

.fini_array     0x0800823c        0x4
                0x0800823c                        . = ALIGN (0x4)
                [!provide]                        PROVIDE (__fini_array_start = .)
 *(SORT_BY_NAME(.fini_array.*))
 *(.fini_array*)
 .fini_array    0x0800823c        0x4 /Applications/STM32CubeIDE.app/Contents/Eclipse/plugins/com.st.stm32cube.ide.mcu.externaltools.gnu-tools-for-stm32.13.3.rel1.macos64_1.0.0.202411102158/tools/bin/../lib/gcc/arm-none-eabi/13.3.1/thumb/v7e-m+fp/hard/crtbegin.o
                [!provide]                        PROVIDE (__fini_array_end = .)
                0x08008240                        . = ALIGN (0x4)
                0x08008240                        _sidata = LOADADDR (.data)

.rel.dyn        0x08008240        0x0
 .rel.iplt      0x08008240        0x0 /Applications/STM32CubeIDE.app/Contents/Eclipse/plugins/com.st.stm32cube.ide.mcu.externaltools.gnu-tools-for-stm32.13.3.rel1.macos64_1.0.0.202411102158/tools/bin/../lib/gcc/arm-none-eabi/13.3.1/thumb/v7e-m+fp/hard/crtbegin.o

.data           0x20000000       0xfc load address 0x08008240
                0x20000000                        . = ALIGN (0x4)
                0x20000000                        _sdata = .
 *(.data)
 *(.data*)
 .data.SystemCoreClock
                0x20000000        0x4 ./Core/Src/system_stm32f4xx.o
                0x20000000                SystemCoreClock
 .data.uwTickPrio
                0x20000004        0x4 ./Drivers/STM32F4xx_HAL_Driver/Src/stm32f4xx_hal.o
                0x20000004                uwTickPrio
 .data.uwTickFreq
                0x20000008        0x1 ./Drivers/STM32F4xx_HAL_Driver/Src/stm32f4xx_hal.o
                0x20000008                uwTickFreq
 *fill*         0x20000009        0x3 
 .data.USBD_CDC_DeviceQualifierDesc
                0x2000000c        0xa ./Middlewares/ST/STM32_USB_Device_Library/Class/CDC/Src/usbd_cdc.o
 *fill*         0x20000016        0x2 
 .data.USBD_CDC
                0x20000018       0x38 ./Middlewares/ST/STM32_USB_Device_Library/Class/CDC/Src/usbd_cdc.o
                0x20000018                USBD_CDC
 .data.USBD_CDC_CfgDesc
                0x20000050       0x43 ./Middlewares/ST/STM32_USB_Device_Library/Class/CDC/Src/usbd_cdc.o
 .data.CDCInEpAdd
                0x20000093        0x1 ./Middlewares/ST/STM32_USB_Device_Library/Class/CDC/Src/usbd_cdc.o
 .data.CDCOutEpAdd
                0x20000094        0x1 ./Middlewares/ST/STM32_USB_Device_Library/Class/CDC/Src/usbd_cdc.o
 .data.CDCCmdEpAdd
                0x20000095        0x1 ./Middlewares/ST/STM32_USB_Device_Library/Class/CDC/Src/usbd_cdc.o
 *fill*         0x20000096        0x2 
 .data.USBD_Interface_fops_FS
                0x20000098       0x14 ./USB_DEVICE/App/usbd_cdc_if.o
                0x20000098                USBD_Interface_fops_FS
 .data.FS_Desc  0x200000ac       0x1c ./USB_DEVICE/App/usbd_desc.o
                0x200000ac                FS_Desc
 .data.USBD_FS_DeviceDesc
                0x200000c8       0x12 ./USB_DEVICE/App/usbd_desc.o
                0x200000c8                USBD_FS_DeviceDesc
 *fill*         0x200000da        0x2 
 .data.USBD_LangIDDesc
                0x200000dc        0x4 ./USB_DEVICE/App/usbd_desc.o
                0x200000dc                USBD_LangIDDesc
 .data.USBD_StringSerial
                0x200000e0       0x1a ./USB_DEVICE/App/usbd_desc.o
                0x200000e0                USBD_StringSerial
 *(.RamFunc)
 *(.RamFunc*)
                0x200000fc                        . = ALIGN (0x4)
 *fill*         0x200000fa        0x2 
                0x200000fc                        _edata = .
                0x0800833c                        _siccmram = LOADADDR (.ccmram)

.igot.plt       0x200000fc        0x0 load address 0x0800833c
 .igot.plt      0x200000fc        0x0 /Applications/STM32CubeIDE.app/Contents/Eclipse/plugins/com.st.stm32cube.ide.mcu.externaltools.gnu-tools-for-stm32.13.3.rel1.macos64_1.0.0.202411102158/tools/bin/../lib/gcc/arm-none-eabi/13.3.1/thumb/v7e-m+fp/hard/crtbegin.o

.ccmram         0x10000000        0x0 load address 0x0800833c
                0x10000000                        . = ALIGN (0x4)
                0x10000000                        _sccmram = .
 *(.ccmram)
 *(.ccmram*)
                0x10000000                        . = ALIGN (0x4)
                0x10000000                        _eccmram = .
                0x10000000                        . = ALIGN (0x4)

.bss            0x200000fc     0x1cf8
                0x200000fc                        _sbss = .
                0x200000fc                        __bss_start__ = _sbss
 *(.bss)
 .bss           0x200000fc       0x1c /Applications/STM32CubeIDE.app/Contents/Eclipse/plugins/com.st.stm32cube.ide.mcu.externaltools.gnu-tools-for-stm32.13.3.rel1.macos64_1.0.0.202411102158/tools/bin/../lib/gcc/arm-none-eabi/13.3.1/thumb/v7e-m+fp/hard/crtbegin.o
 *(.bss*)
 .bss.hi2c1     0x20000118       0x54 ./Core/Src/main.o
                0x20000118                hi2c1
 .bss.hi2s3     0x2000016c       0x48 ./Core/Src/main.o
                0x2000016c                hi2s3
 .bss.hspi1     0x200001b4       0x58 ./Core/Src/main.o
                0x200001b4                hspi1
 .bss.uwTick    0x2000020c        0x4 ./Drivers/STM32F4xx_HAL_Driver/Src/stm32f4xx_hal.o
                0x2000020c                uwTick
 .bss.cfgidx.0  0x20000210        0x1 ./Middlewares/ST/STM32_USB_Device_Library/Core/Src/usbd_ctlreq.o
 *fill*         0x20000211        0x3 
 .bss.hUsbDeviceFS
                0x20000214      0x2dc ./USB_DEVICE/App/usb_device.o
                0x20000214                hUsbDeviceFS
 .bss.UserRxBufferFS
                0x200004f0      0x800 ./USB_DEVICE/App/usbd_cdc_if.o
                0x200004f0                UserRxBufferFS
 .bss.UserTxBufferFS
                0x20000cf0      0x800 ./USB_DEVICE/App/usbd_cdc_if.o
                0x20000cf0                UserTxBufferFS
 .bss.USBD_StrDesc
                0x200014f0      0x200 ./USB_DEVICE/App/usbd_desc.o
                0x200014f0                USBD_StrDesc
 .bss.hpcd_USB_OTG_FS
                0x200016f0      0x4e4 ./USB_DEVICE/Target/usbd_conf.o
                0x200016f0                hpcd_USB_OTG_FS
 .bss.mem.0     0x20001bd4      0x220 ./USB_DEVICE/Target/usbd_conf.o
 *(COMMON)
                0x20001df4                        . = ALIGN (0x4)
                0x20001df4                        _ebss = .
                0x20001df4                        __bss_end__ = _ebss

._user_heap_stack
                0x20001df4      0x604
                0x20001df8                        . = ALIGN (0x8)
 *fill*         0x20001df4        0x4 
                [!provide]                        PROVIDE (end = .)
                0x20001df8                        PROVIDE (_end = .)
                0x20001ff8                        . = (. + _Min_Heap_Size)
 *fill*         0x20001df8      0x200 
                0x200023f8                        . = (. + _Min_Stack_Size)
 *fill*         0x20001ff8      0x400 
                0x200023f8                        . = ALIGN (0x8)

/DISCARD/
 libc.a(*)
 libm.a(*)
 libgcc.a(*)

.ARM.attributes
                0x00000000       0x30
 *(.ARM.attributes)
 .ARM.attributes
                0x00000000       0x22 /Applications/STM32CubeIDE.app/Contents/Eclipse/plugins/com.st.stm32cube.ide.mcu.externaltools.gnu-tools-for-stm32.13.3.rel1.macos64_1.0.0.202411102158/tools/bin/../lib/gcc/arm-none-eabi/13.3.1/thumb/v7e-m+fp/hard/crti.o
 .ARM.attributes
                0x00000022       0x34 /Applications/STM32CubeIDE.app/Contents/Eclipse/plugins/com.st.stm32cube.ide.mcu.externaltools.gnu-tools-for-stm32.13.3.rel1.macos64_1.0.0.202411102158/tools/bin/../lib/gcc/arm-none-eabi/13.3.1/thumb/v7e-m+fp/hard/crtbegin.o
 .ARM.attributes
                0x00000056       0x34 ./Core/Src/main.o
 .ARM.attributes
                0x0000008a       0x34 ./Core/Src/stm32f4xx_hal_msp.o
 .ARM.attributes
                0x000000be       0x34 ./Core/Src/stm32f4xx_it.o
 .ARM.attributes
                0x000000f2       0x34 ./Core/Src/system_stm32f4xx.o
 .ARM.attributes
                0x00000126       0x21 ./Core/Startup/startup_stm32f407vgtx.o
 .ARM.attributes
                0x00000147       0x34 ./Drivers/STM32F4xx_HAL_Driver/Src/stm32f4xx_hal.o
 .ARM.attributes
                0x0000017b       0x34 ./Drivers/STM32F4xx_HAL_Driver/Src/stm32f4xx_hal_cortex.o
 .ARM.attributes
                0x000001af       0x34 ./Drivers/STM32F4xx_HAL_Driver/Src/stm32f4xx_hal_gpio.o
 .ARM.attributes
                0x000001e3       0x34 ./Drivers/STM32F4xx_HAL_Driver/Src/stm32f4xx_hal_i2c.o
 .ARM.attributes
                0x00000217       0x34 ./Drivers/STM32F4xx_HAL_Driver/Src/stm32f4xx_hal_i2s.o
 .ARM.attributes
                0x0000024b       0x34 ./Drivers/STM32F4xx_HAL_Driver/Src/stm32f4xx_hal_i2s_ex.o
 .ARM.attributes
                0x0000027f       0x34 ./Drivers/STM32F4xx_HAL_Driver/Src/stm32f4xx_hal_pcd.o
 .ARM.attributes
                0x000002b3       0x34 ./Drivers/STM32F4xx_HAL_Driver/Src/stm32f4xx_hal_pcd_ex.o
 .ARM.attributes
                0x000002e7       0x34 ./Drivers/STM32F4xx_HAL_Driver/Src/stm32f4xx_hal_rcc.o
 .ARM.attributes
                0x0000031b       0x34 ./Drivers/STM32F4xx_HAL_Driver/Src/stm32f4xx_hal_rcc_ex.o
 .ARM.attributes
                0x0000034f       0x34 ./Drivers/STM32F4xx_HAL_Driver/Src/stm32f4xx_hal_spi.o
 .ARM.attributes
                0x00000383       0x34 ./Drivers/STM32F4xx_HAL_Driver/Src/stm32f4xx_ll_usb.o
 .ARM.attributes
                0x000003b7       0x34 ./Middlewares/ST/STM32_USB_Device_Library/Class/CDC/Src/usbd_cdc.o
 .ARM.attributes
                0x000003eb       0x34 ./Middlewares/ST/STM32_USB_Device_Library/Core/Src/usbd_core.o
 .ARM.attributes
                0x0000041f       0x34 ./Middlewares/ST/STM32_USB_Device_Library/Core/Src/usbd_ctlreq.o
 .ARM.attributes
                0x00000453       0x34 ./Middlewares/ST/STM32_USB_Device_Library/Core/Src/usbd_ioreq.o
 .ARM.attributes
                0x00000487       0x34 ./USB_DEVICE/App/usb_device.o
 .ARM.attributes
                0x000004bb       0x34 ./USB_DEVICE/App/usbd_cdc_if.o
 .ARM.attributes
                0x000004ef       0x34 ./USB_DEVICE/App/usbd_desc.o
 .ARM.attributes
                0x00000523       0x34 ./USB_DEVICE/Target/usbd_conf.o
 .ARM.attributes
                0x00000557       0x34 /Applications/STM32CubeIDE.app/Contents/Eclipse/plugins/com.st.stm32cube.ide.mcu.externaltools.gnu-tools-for-stm32.13.3.rel1.macos64_1.0.0.202411102158/tools/bin/../lib/gcc/arm-none-eabi/13.3.1/../../../../arm-none-eabi/lib/thumb/v7e-m+fp/hard/libc_nano.a(libc_a-memset.o)
 .ARM.attributes
                0x0000058b       0x34 /Applications/STM32CubeIDE.app/Contents/Eclipse/plugins/com.st.stm32cube.ide.mcu.externaltools.gnu-tools-for-stm32.13.3.rel1.macos64_1.0.0.202411102158/tools/bin/../lib/gcc/arm-none-eabi/13.3.1/../../../../arm-none-eabi/lib/thumb/v7e-m+fp/hard/libc_nano.a(libc_a-init.o)
 .ARM.attributes
                0x000005bf       0x22 /Applications/STM32CubeIDE.app/Contents/Eclipse/plugins/com.st.stm32cube.ide.mcu.externaltools.gnu-tools-for-stm32.13.3.rel1.macos64_1.0.0.202411102158/tools/bin/../lib/gcc/arm-none-eabi/13.3.1/thumb/v7e-m+fp/hard/libgcc.a(_aeabi_uldivmod.o)
 .ARM.attributes
                0x000005e1       0x34 /Applications/STM32CubeIDE.app/Contents/Eclipse/plugins/com.st.stm32cube.ide.mcu.externaltools.gnu-tools-for-stm32.13.3.rel1.macos64_1.0.0.202411102158/tools/bin/../lib/gcc/arm-none-eabi/13.3.1/thumb/v7e-m+fp/hard/libgcc.a(_udivmoddi4.o)
 .ARM.attributes
                0x00000615       0x22 /Applications/STM32CubeIDE.app/Contents/Eclipse/plugins/com.st.stm32cube.ide.mcu.externaltools.gnu-tools-for-stm32.13.3.rel1.macos64_1.0.0.202411102158/tools/bin/../lib/gcc/arm-none-eabi/13.3.1/thumb/v7e-m+fp/hard/libgcc.a(_dvmd_tls.o)
 .ARM.attributes
                0x00000637       0x22 /Applications/STM32CubeIDE.app/Contents/Eclipse/plugins/com.st.stm32cube.ide.mcu.externaltools.gnu-tools-for-stm32.13.3.rel1.macos64_1.0.0.202411102158/tools/bin/../lib/gcc/arm-none-eabi/13.3.1/thumb/v7e-m+fp/hard/crtn.o
OUTPUT(hpc.elf elf32-littlearm)
LOAD linker stubs
LOAD /Applications/STM32CubeIDE.app/Contents/Eclipse/plugins/com.st.stm32cube.ide.mcu.externaltools.gnu-tools-for-stm32.13.3.rel1.macos64_1.0.0.202411102158/tools/bin/../lib/gcc/arm-none-eabi/13.3.1/../../../../arm-none-eabi/lib/thumb/v7e-m+fp/hard/libc.a
LOAD /Applications/STM32CubeIDE.app/Contents/Eclipse/plugins/com.st.stm32cube.ide.mcu.externaltools.gnu-tools-for-stm32.13.3.rel1.macos64_1.0.0.202411102158/tools/bin/../lib/gcc/arm-none-eabi/13.3.1/../../../../arm-none-eabi/lib/thumb/v7e-m+fp/hard/libm.a
LOAD /Applications/STM32CubeIDE.app/Contents/Eclipse/plugins/com.st.stm32cube.ide.mcu.externaltools.gnu-tools-for-stm32.13.3.rel1.macos64_1.0.0.202411102158/tools/bin/../lib/gcc/arm-none-eabi/13.3.1/thumb/v7e-m+fp/hard/libgcc.a

.debug_info     0x00000000    0x145db
 .debug_info    0x00000000     0x133e ./Core/Src/main.o
 .debug_info    0x0000133e      0xfdc ./Core/Src/stm32f4xx_hal_msp.o
 .debug_info    0x0000231a      0x627 ./Core/Src/stm32f4xx_it.o
 .debug_info    0x00002941      0x512 ./Core/Src/system_stm32f4xx.o
 .debug_info    0x00002e53       0x30 ./Core/Startup/startup_stm32f407vgtx.o
 .debug_info    0x00002e83      0x944 ./Drivers/STM32F4xx_HAL_Driver/Src/stm32f4xx_hal.o
 .debug_info    0x000037c7      0xd8c ./Drivers/STM32F4xx_HAL_Driver/Src/stm32f4xx_hal_cortex.o
 .debug_info    0x00004553      0x6c3 ./Drivers/STM32F4xx_HAL_Driver/Src/stm32f4xx_hal_gpio.o
 .debug_info    0x00004c16     0x2415 ./Drivers/STM32F4xx_HAL_Driver/Src/stm32f4xx_hal_i2c.o
 .debug_info    0x0000702b      0xe02 ./Drivers/STM32F4xx_HAL_Driver/Src/stm32f4xx_hal_i2s.o
 .debug_info    0x00007e2d      0xaae ./Drivers/STM32F4xx_HAL_Driver/Src/stm32f4xx_hal_i2s_ex.o
 .debug_info    0x000088db     0x156f ./Drivers/STM32F4xx_HAL_Driver/Src/stm32f4xx_hal_pcd.o
 .debug_info    0x00009e4a      0x6ea ./Drivers/STM32F4xx_HAL_Driver/Src/stm32f4xx_hal_pcd_ex.o
 .debug_info    0x0000a534      0x8c3 ./Drivers/STM32F4xx_HAL_Driver/Src/stm32f4xx_hal_rcc.o
 .debug_info    0x0000adf7      0x536 ./Drivers/STM32F4xx_HAL_Driver/Src/stm32f4xx_hal_rcc_ex.o
 .debug_info    0x0000b32d     0x1525 ./Drivers/STM32F4xx_HAL_Driver/Src/stm32f4xx_hal_spi.o
 .debug_info    0x0000c852     0x1993 ./Drivers/STM32F4xx_HAL_Driver/Src/stm32f4xx_ll_usb.o
 .debug_info    0x0000e1e5     0x12b1 ./Middlewares/ST/STM32_USB_Device_Library/Class/CDC/Src/usbd_cdc.o
 .debug_info    0x0000f496      0xe12 ./Middlewares/ST/STM32_USB_Device_Library/Core/Src/usbd_core.o
 .debug_info    0x000102a8      0xaeb ./Middlewares/ST/STM32_USB_Device_Library/Core/Src/usbd_ctlreq.o
 .debug_info    0x00010d93      0x762 ./Middlewares/ST/STM32_USB_Device_Library/Core/Src/usbd_ioreq.o
 .debug_info    0x000114f5      0x70e ./USB_DEVICE/App/usb_device.o
 .debug_info    0x00011c03      0x907 ./USB_DEVICE/App/usbd_cdc_if.o
 .debug_info    0x0001250a      0x458 ./USB_DEVICE/App/usbd_desc.o
 .debug_info    0x00012962     0x1c79 ./USB_DEVICE/Target/usbd_conf.o

.debug_abbrev   0x00000000     0x36f3
 .debug_abbrev  0x00000000      0x294 ./Core/Src/main.o
 .debug_abbrev  0x00000294      0x228 ./Core/Src/stm32f4xx_hal_msp.o
 .debug_abbrev  0x000004bc      0x1a4 ./Core/Src/stm32f4xx_it.o
 .debug_abbrev  0x00000660      0x11a ./Core/Src/system_stm32f4xx.o
 .debug_abbrev  0x0000077a       0x24 ./Core/Startup/startup_stm32f407vgtx.o
 .debug_abbrev  0x0000079e      0x214 ./Drivers/STM32F4xx_HAL_Driver/Src/stm32f4xx_hal.o
 .debug_abbrev  0x000009b2      0x31d ./Drivers/STM32F4xx_HAL_Driver/Src/stm32f4xx_hal_cortex.o
 .debug_abbrev  0x00000ccf      0x1d4 ./Drivers/STM32F4xx_HAL_Driver/Src/stm32f4xx_hal_gpio.o
 .debug_abbrev  0x00000ea3      0x2ad ./Drivers/STM32F4xx_HAL_Driver/Src/stm32f4xx_hal_i2c.o
 .debug_abbrev  0x00001150      0x25d ./Drivers/STM32F4xx_HAL_Driver/Src/stm32f4xx_hal_i2s.o
 .debug_abbrev  0x000013ad      0x276 ./Drivers/STM32F4xx_HAL_Driver/Src/stm32f4xx_hal_i2s_ex.o
 .debug_abbrev  0x00001623      0x2b9 ./Drivers/STM32F4xx_HAL_Driver/Src/stm32f4xx_hal_pcd.o
 .debug_abbrev  0x000018dc      0x1da ./Drivers/STM32F4xx_HAL_Driver/Src/stm32f4xx_hal_pcd_ex.o
 .debug_abbrev  0x00001ab6      0x2b7 ./Drivers/STM32F4xx_HAL_Driver/Src/stm32f4xx_hal_rcc.o
 .debug_abbrev  0x00001d6d      0x1b0 ./Drivers/STM32F4xx_HAL_Driver/Src/stm32f4xx_hal_rcc_ex.o
 .debug_abbrev  0x00001f1d      0x27a ./Drivers/STM32F4xx_HAL_Driver/Src/stm32f4xx_hal_spi.o
 .debug_abbrev  0x00002197      0x2b3 ./Drivers/STM32F4xx_HAL_Driver/Src/stm32f4xx_ll_usb.o
 .debug_abbrev  0x0000244a      0x2d2 ./Middlewares/ST/STM32_USB_Device_Library/Class/CDC/Src/usbd_cdc.o
 .debug_abbrev  0x0000271c      0x27c ./Middlewares/ST/STM32_USB_Device_Library/Core/Src/usbd_core.o
 .debug_abbrev  0x00002998      0x26f ./Middlewares/ST/STM32_USB_Device_Library/Core/Src/usbd_ctlreq.o
 .debug_abbrev  0x00002c07      0x19a ./Middlewares/ST/STM32_USB_Device_Library/Core/Src/usbd_ioreq.o
 .debug_abbrev  0x00002da1      0x195 ./USB_DEVICE/App/usb_device.o
 .debug_abbrev  0x00002f36      0x29d ./USB_DEVICE/App/usbd_cdc_if.o
 .debug_abbrev  0x000031d3      0x1e1 ./USB_DEVICE/App/usbd_desc.o
 .debug_abbrev  0x000033b4      0x33f ./USB_DEVICE/Target/usbd_conf.o

.debug_aranges  0x00000000     0x11e8
 .debug_aranges
                0x00000000       0x50 ./Core/Src/main.o
 .debug_aranges
                0x00000050       0x50 ./Core/Src/stm32f4xx_hal_msp.o
 .debug_aranges
                0x000000a0       0x68 ./Core/Src/stm32f4xx_it.o
 .debug_aranges
                0x00000108       0x28 ./Core/Src/system_stm32f4xx.o
 .debug_aranges
                0x00000130       0x28 ./Core/Startup/startup_stm32f407vgtx.o
 .debug_aranges
                0x00000158       0xf0 ./Drivers/STM32F4xx_HAL_Driver/Src/stm32f4xx_hal.o
 .debug_aranges
                0x00000248      0x130 ./Drivers/STM32F4xx_HAL_Driver/Src/stm32f4xx_hal_cortex.o
 .debug_aranges
                0x00000378       0x58 ./Drivers/STM32F4xx_HAL_Driver/Src/stm32f4xx_hal_gpio.o
 .debug_aranges
                0x000003d0      0x2a8 ./Drivers/STM32F4xx_HAL_Driver/Src/stm32f4xx_hal_i2c.o
 .debug_aranges
                0x00000678      0x108 ./Drivers/STM32F4xx_HAL_Driver/Src/stm32f4xx_hal_i2s.o
 .debug_aranges
                0x00000780       0x88 ./Drivers/STM32F4xx_HAL_Driver/Src/stm32f4xx_hal_i2s_ex.o
 .debug_aranges
                0x00000808      0x148 ./Drivers/STM32F4xx_HAL_Driver/Src/stm32f4xx_hal_pcd.o
 .debug_aranges
                0x00000950       0x38 ./Drivers/STM32F4xx_HAL_Driver/Src/stm32f4xx_hal_pcd_ex.o
 .debug_aranges
                0x00000988       0x88 ./Drivers/STM32F4xx_HAL_Driver/Src/stm32f4xx_hal_rcc.o
 .debug_aranges
                0x00000a10       0x48 ./Drivers/STM32F4xx_HAL_Driver/Src/stm32f4xx_hal_rcc_ex.o
 .debug_aranges
                0x00000a58      0x1d0 ./Drivers/STM32F4xx_HAL_Driver/Src/stm32f4xx_hal_spi.o
 .debug_aranges
                0x00000c28      0x1a0 ./Drivers/STM32F4xx_HAL_Driver/Src/stm32f4xx_ll_usb.o
 .debug_aranges
                0x00000dc8       0x90 ./Middlewares/ST/STM32_USB_Device_Library/Class/CDC/Src/usbd_cdc.o
 .debug_aranges
                0x00000e58       0xd8 ./Middlewares/ST/STM32_USB_Device_Library/Core/Src/usbd_core.o
 .debug_aranges
                0x00000f30       0x90 ./Middlewares/ST/STM32_USB_Device_Library/Core/Src/usbd_ctlreq.o
 .debug_aranges
                0x00000fc0       0x50 ./Middlewares/ST/STM32_USB_Device_Library/Core/Src/usbd_ioreq.o
 .debug_aranges
                0x00001010       0x20 ./USB_DEVICE/App/usb_device.o
 .debug_aranges
                0x00001030       0x48 ./USB_DEVICE/App/usbd_cdc_if.o
 .debug_aranges
                0x00001078       0x60 ./USB_DEVICE/App/usbd_desc.o
 .debug_aranges
                0x000010d8      0x110 ./USB_DEVICE/Target/usbd_conf.o

.debug_rnglists
                0x00000000      0xda3
 .debug_rnglists
                0x00000000       0x39 ./Core/Src/main.o
 .debug_rnglists
                0x00000039       0x3a ./Core/Src/stm32f4xx_hal_msp.o
 .debug_rnglists
                0x00000073       0x49 ./Core/Src/stm32f4xx_it.o
 .debug_rnglists
                0x000000bc       0x1a ./Core/Src/system_stm32f4xx.o
 .debug_rnglists
                0x000000d6       0x19 ./Core/Startup/startup_stm32f407vgtx.o
 .debug_rnglists
                0x000000ef       0xaf ./Drivers/STM32F4xx_HAL_Driver/Src/stm32f4xx_hal.o
 .debug_rnglists
                0x0000019e       0xe0 ./Drivers/STM32F4xx_HAL_Driver/Src/stm32f4xx_hal_cortex.o
 .debug_rnglists
                0x0000027e       0x3f ./Drivers/STM32F4xx_HAL_Driver/Src/stm32f4xx_hal_gpio.o
 .debug_rnglists
                0x000002bd      0x23c ./Drivers/STM32F4xx_HAL_Driver/Src/stm32f4xx_hal_i2c.o
 .debug_rnglists
                0x000004f9       0xcc ./Drivers/STM32F4xx_HAL_Driver/Src/stm32f4xx_hal_i2s.o
 .debug_rnglists
                0x000005c5       0x6a ./Drivers/STM32F4xx_HAL_Driver/Src/stm32f4xx_hal_i2s_ex.o
 .debug_rnglists
                0x0000062f       0xfa ./Drivers/STM32F4xx_HAL_Driver/Src/stm32f4xx_hal_pcd.o
 .debug_rnglists
                0x00000729       0x26 ./Drivers/STM32F4xx_HAL_Driver/Src/stm32f4xx_hal_pcd_ex.o
 .debug_rnglists
                0x0000074f       0x66 ./Drivers/STM32F4xx_HAL_Driver/Src/stm32f4xx_hal_rcc.o
 .debug_rnglists
                0x000007b5       0x35 ./Drivers/STM32F4xx_HAL_Driver/Src/stm32f4xx_hal_rcc_ex.o
 .debug_rnglists
                0x000007ea      0x16f ./Drivers/STM32F4xx_HAL_Driver/Src/stm32f4xx_hal_spi.o
 .debug_rnglists
                0x00000959      0x147 ./Drivers/STM32F4xx_HAL_Driver/Src/stm32f4xx_ll_usb.o
 .debug_rnglists
                0x00000aa0       0x6c ./Middlewares/ST/STM32_USB_Device_Library/Class/CDC/Src/usbd_cdc.o
 .debug_rnglists
                0x00000b0c       0xa1 ./Middlewares/ST/STM32_USB_Device_Library/Core/Src/usbd_core.o
 .debug_rnglists
                0x00000bad       0x6e ./Middlewares/ST/STM32_USB_Device_Library/Core/Src/usbd_ctlreq.o
 .debug_rnglists
                0x00000c1b       0x37 ./Middlewares/ST/STM32_USB_Device_Library/Core/Src/usbd_ioreq.o
 .debug_rnglists
                0x00000c52       0x13 ./USB_DEVICE/App/usb_device.o
 .debug_rnglists
                0x00000c65       0x32 ./USB_DEVICE/App/usbd_cdc_if.o
 .debug_rnglists
                0x00000c97       0x43 ./USB_DEVICE/App/usbd_desc.o
 .debug_rnglists
                0x00000cda       0xc9 ./USB_DEVICE/Target/usbd_conf.o

.debug_macro    0x00000000    0x2404b
 .debug_macro   0x00000000      0x3ce ./Core/Src/main.o
 .debug_macro   0x000003ce      0xad8 ./Core/Src/main.o
 .debug_macro   0x00000ea6      0x2a7 ./Core/Src/main.o
 .debug_macro   0x0000114d       0x2e ./Core/Src/main.o
 .debug_macro   0x0000117b       0x2f ./Core/Src/main.o
 .debug_macro   0x000011aa       0x22 ./Core/Src/main.o
 .debug_macro   0x000011cc       0x8e ./Core/Src/main.o
 .debug_macro   0x0000125a       0x51 ./Core/Src/main.o
 .debug_macro   0x000012ab      0x103 ./Core/Src/main.o
 .debug_macro   0x000013ae       0x6a ./Core/Src/main.o
 .debug_macro   0x00001418      0x1df ./Core/Src/main.o
 .debug_macro   0x000015f7       0x1c ./Core/Src/main.o
 .debug_macro   0x00001613       0x22 ./Core/Src/main.o
 .debug_macro   0x00001635       0xfb ./Core/Src/main.o
 .debug_macro   0x00001730     0x1011 ./Core/Src/main.o
 .debug_macro   0x00002741      0x11f ./Core/Src/main.o
 .debug_macro   0x00002860    0x15ea5 ./Core/Src/main.o
 .debug_macro   0x00018705       0x6d ./Core/Src/main.o
 .debug_macro   0x00018772     0x3693 ./Core/Src/main.o
 .debug_macro   0x0001be05      0x190 ./Core/Src/main.o
 .debug_macro   0x0001bf95       0x5c ./Core/Src/main.o
 .debug_macro   0x0001bff1      0x980 ./Core/Src/main.o
 .debug_macro   0x0001c971      0x9e9 ./Core/Src/main.o
 .debug_macro   0x0001d35a      0x115 ./Core/Src/main.o
 .debug_macro   0x0001d46f      0x13e ./Core/Src/main.o
 .debug_macro   0x0001d5ad       0xa5 ./Core/Src/main.o
 .debug_macro   0x0001d652      0x174 ./Core/Src/main.o
 .debug_macro   0x0001d7c6      0x287 ./Core/Src/main.o
 .debug_macro   0x0001da4d       0x5f ./Core/Src/main.o
 .debug_macro   0x0001daac      0x236 ./Core/Src/main.o
 .debug_macro   0x0001dce2      0x12c ./Core/Src/main.o
 .debug_macro   0x0001de0e      0x21e ./Core/Src/main.o
 .debug_macro   0x0001e02c       0x2e ./Core/Src/main.o
 .debug_macro   0x0001e05a      0x1b5 ./Core/Src/main.o
 .debug_macro   0x0001e20f       0xd6 ./Core/Src/main.o
 .debug_macro   0x0001e2e5      0x1a7 ./Core/Src/main.o
 .debug_macro   0x0001e48c       0x46 ./Core/Src/main.o
 .debug_macro   0x0001e4d2       0x4a ./Core/Src/main.o
 .debug_macro   0x0001e51c      0x127 ./Core/Src/main.o
 .debug_macro   0x0001e643       0x7e ./Core/Src/main.o
 .debug_macro   0x0001e6c1       0x89 ./Core/Src/main.o
 .debug_macro   0x0001e74a      0x225 ./Core/Src/main.o
 .debug_macro   0x0001e96f      0x293 ./Core/Src/main.o
 .debug_macro   0x0001ec02       0xba ./Core/Src/main.o
 .debug_macro   0x0001ecbc      0x12d ./Core/Src/main.o
 .debug_macro   0x0001ede9      0x190 ./Core/Src/main.o
 .debug_macro   0x0001ef79       0x61 ./Core/Src/main.o
 .debug_macro   0x0001efda       0x2a ./Core/Src/main.o
 .debug_macro   0x0001f004       0x43 ./Core/Src/main.o
 .debug_macro   0x0001f047       0x34 ./Core/Src/main.o
 .debug_macro   0x0001f07b       0x16 ./Core/Src/main.o
 .debug_macro   0x0001f091       0x3c ./Core/Src/main.o
 .debug_macro   0x0001f0cd      0x370 ./Core/Src/main.o
 .debug_macro   0x0001f43d       0x10 ./Core/Src/main.o
 .debug_macro   0x0001f44d       0x16 ./Core/Src/main.o
 .debug_macro   0x0001f463       0x4a ./Core/Src/main.o
 .debug_macro   0x0001f4ad       0x34 ./Core/Src/main.o
 .debug_macro   0x0001f4e1       0x10 ./Core/Src/main.o
 .debug_macro   0x0001f4f1       0x58 ./Core/Src/main.o
 .debug_macro   0x0001f549       0x8e ./Core/Src/main.o
 .debug_macro   0x0001f5d7       0x1c ./Core/Src/main.o
 .debug_macro   0x0001f5f3      0x185 ./Core/Src/main.o
 .debug_macro   0x0001f778       0x16 ./Core/Src/main.o
 .debug_macro   0x0001f78e       0x16 ./Core/Src/main.o
 .debug_macro   0x0001f7a4      0x146 ./Core/Src/main.o
 .debug_macro   0x0001f8ea       0x16 ./Core/Src/main.o
 .debug_macro   0x0001f900       0x16 ./Core/Src/main.o
 .debug_macro   0x0001f916       0x29 ./Core/Src/main.o
 .debug_macro   0x0001f93f       0x16 ./Core/Src/main.o
 .debug_macro   0x0001f955       0x20 ./Core/Src/main.o
 .debug_macro   0x0001f975       0x65 ./Core/Src/main.o
 .debug_macro   0x0001f9da      0x20f ./Core/Src/main.o
 .debug_macro   0x0001fbe9       0x95 ./Core/Src/main.o
 .debug_macro   0x0001fc7e       0x10 ./Core/Src/main.o
 .debug_macro   0x0001fc8e      0x220 ./Core/Src/stm32f4xx_hal_msp.o
 .debug_macro   0x0001feae      0x22a ./Core/Src/stm32f4xx_it.o
 .debug_macro   0x000200d8      0x211 ./Core/Src/system_stm32f4xx.o
 .debug_macro   0x000202e9      0x271 ./Drivers/STM32F4xx_HAL_Driver/Src/stm32f4xx_hal.o
 .debug_macro   0x0002055a      0x211 ./Drivers/STM32F4xx_HAL_Driver/Src/stm32f4xx_hal_cortex.o
 .debug_macro   0x0002076b      0x217 ./Drivers/STM32F4xx_HAL_Driver/Src/stm32f4xx_hal_gpio.o
 .debug_macro   0x00020982      0x25f ./Drivers/STM32F4xx_HAL_Driver/Src/stm32f4xx_hal_i2c.o
 .debug_macro   0x00020be1      0x219 ./Drivers/STM32F4xx_HAL_Driver/Src/stm32f4xx_hal_i2s.o
 .debug_macro   0x00020dfa      0x211 ./Drivers/STM32F4xx_HAL_Driver/Src/stm32f4xx_hal_i2s_ex.o
 .debug_macro   0x0002100b      0x21d ./Drivers/STM32F4xx_HAL_Driver/Src/stm32f4xx_hal_pcd.o
 .debug_macro   0x00021228      0x211 ./Drivers/STM32F4xx_HAL_Driver/Src/stm32f4xx_hal_pcd_ex.o
 .debug_macro   0x00021439      0x235 ./Drivers/STM32F4xx_HAL_Driver/Src/stm32f4xx_hal_rcc.o
 .debug_macro   0x0002166e      0x211 ./Drivers/STM32F4xx_HAL_Driver/Src/stm32f4xx_hal_rcc_ex.o
 .debug_macro   0x0002187f      0x220 ./Drivers/STM32F4xx_HAL_Driver/Src/stm32f4xx_hal_spi.o
 .debug_macro   0x00021a9f      0x211 ./Drivers/STM32F4xx_HAL_Driver/Src/stm32f4xx_ll_usb.o
 .debug_macro   0x00021cb0      0x3af ./Middlewares/ST/STM32_USB_Device_Library/Class/CDC/Src/usbd_cdc.o
 .debug_macro   0x0002205f       0x9e ./Middlewares/ST/STM32_USB_Device_Library/Class/CDC/Src/usbd_cdc.o
 .debug_macro   0x000220fd      0x112 ./Middlewares/ST/STM32_USB_Device_Library/Class/CDC/Src/usbd_cdc.o
 .debug_macro   0x0002220f       0x56 ./Middlewares/ST/STM32_USB_Device_Library/Class/CDC/Src/usbd_cdc.o
 .debug_macro   0x00022265      0x396 ./Middlewares/ST/STM32_USB_Device_Library/Core/Src/usbd_core.o
 .debug_macro   0x000225fb      0x215 ./Middlewares/ST/STM32_USB_Device_Library/Core/Src/usbd_core.o
 .debug_macro   0x00022810      0x3a0 ./Middlewares/ST/STM32_USB_Device_Library/Core/Src/usbd_ctlreq.o
 .debug_macro   0x00022bb0      0x39c ./Middlewares/ST/STM32_USB_Device_Library/Core/Src/usbd_ioreq.o
 .debug_macro   0x00022f4c      0x3cf ./USB_DEVICE/App/usb_device.o
 .debug_macro   0x0002331b      0x196 ./USB_DEVICE/App/usb_device.o
 .debug_macro   0x000234b1       0x22 ./USB_DEVICE/App/usb_device.o
 .debug_macro   0x000234d3       0x16 ./USB_DEVICE/App/usb_device.o
 .debug_macro   0x000234e9      0x3ba ./USB_DEVICE/App/usbd_cdc_if.o
 .debug_macro   0x000238a3      0x3d9 ./USB_DEVICE/App/usbd_desc.o
 .debug_macro   0x00023c7c       0x1c ./USB_DEVICE/App/usbd_desc.o
 .debug_macro   0x00023c98      0x3b3 ./USB_DEVICE/Target/usbd_conf.o

.debug_line     0x00000000    0x1805c
 .debug_line    0x00000000      0xbf5 ./Core/Src/main.o
 .debug_line    0x00000bf5      0x866 ./Core/Src/stm32f4xx_hal_msp.o
 .debug_line    0x0000145b      0x819 ./Core/Src/stm32f4xx_it.o
 .debug_line    0x00001c74      0x7c8 ./Core/Src/system_stm32f4xx.o
 .debug_line    0x0000243c       0x7a ./Core/Startup/startup_stm32f407vgtx.o
 .debug_line    0x000024b6      0xa44 ./Drivers/STM32F4xx_HAL_Driver/Src/stm32f4xx_hal.o
 .debug_line    0x00002efa      0xd14 ./Drivers/STM32F4xx_HAL_Driver/Src/stm32f4xx_hal_cortex.o
 .debug_line    0x00003c0e      0xb9c ./Drivers/STM32F4xx_HAL_Driver/Src/stm32f4xx_hal_gpio.o
 .debug_line    0x000047aa     0x3af1 ./Drivers/STM32F4xx_HAL_Driver/Src/stm32f4xx_hal_i2c.o
 .debug_line    0x0000829b     0x139c ./Drivers/STM32F4xx_HAL_Driver/Src/stm32f4xx_hal_i2s.o
 .debug_line    0x00009637     0x129c ./Drivers/STM32F4xx_HAL_Driver/Src/stm32f4xx_hal_i2s_ex.o
 .debug_line    0x0000a8d3     0x148f ./Drivers/STM32F4xx_HAL_Driver/Src/stm32f4xx_hal_pcd.o
 .debug_line    0x0000bd62      0x80d ./Drivers/STM32F4xx_HAL_Driver/Src/stm32f4xx_hal_pcd_ex.o
 .debug_line    0x0000c56f      0xe53 ./Drivers/STM32F4xx_HAL_Driver/Src/stm32f4xx_hal_rcc.o
 .debug_line    0x0000d3c2      0xab3 ./Drivers/STM32F4xx_HAL_Driver/Src/stm32f4xx_hal_rcc_ex.o
 .debug_line    0x0000de75     0x1cdf ./Drivers/STM32F4xx_HAL_Driver/Src/stm32f4xx_hal_spi.o
 .debug_line    0x0000fb54     0x1d78 ./Drivers/STM32F4xx_HAL_Driver/Src/stm32f4xx_ll_usb.o
 .debug_line    0x000118cc      0xeb5 ./Middlewares/ST/STM32_USB_Device_Library/Class/CDC/Src/usbd_cdc.o
 .debug_line    0x00012781      0xf6d ./Middlewares/ST/STM32_USB_Device_Library/Core/Src/usbd_core.o
 .debug_line    0x000136ee     0x112f ./Middlewares/ST/STM32_USB_Device_Library/Core/Src/usbd_ctlreq.o
 .debug_line    0x0001481d      0xa74 ./Middlewares/ST/STM32_USB_Device_Library/Core/Src/usbd_ioreq.o
 .debug_line    0x00015291      0xa3a ./USB_DEVICE/App/usb_device.o
 .debug_line    0x00015ccb      0xa8d ./USB_DEVICE/App/usbd_cdc_if.o
 .debug_line    0x00016758      0xae3 ./USB_DEVICE/App/usbd_desc.o
 .debug_line    0x0001723b      0xe21 ./USB_DEVICE/Target/usbd_conf.o

.debug_str      0x00000000    0xcaa60
 .debug_str     0x00000000    0xcaa60 ./Core/Src/main.o
                              0xc61bb (size before relaxing)
 .debug_str     0x000caa60    0xc195d ./Core/Src/stm32f4xx_hal_msp.o
 .debug_str     0x000caa60    0xc1312 ./Core/Src/stm32f4xx_it.o
 .debug_str     0x000caa60    0xc09a4 ./Core/Src/system_stm32f4xx.o
 .debug_str     0x000caa60       0x8d ./Core/Startup/startup_stm32f407vgtx.o
 .debug_str     0x000caa60    0xc1528 ./Drivers/STM32F4xx_HAL_Driver/Src/stm32f4xx_hal.o
 .debug_str     0x000caa60    0xc12a4 ./Drivers/STM32F4xx_HAL_Driver/Src/stm32f4xx_hal_cortex.o
 .debug_str     0x000caa60    0xc0b1f ./Drivers/STM32F4xx_HAL_Driver/Src/stm32f4xx_hal_gpio.o
 .debug_str     0x000caa60    0xc19c2 ./Drivers/STM32F4xx_HAL_Driver/Src/stm32f4xx_hal_i2c.o
 .debug_str     0x000caa60    0xc0f95 ./Drivers/STM32F4xx_HAL_Driver/Src/stm32f4xx_hal_i2s.o
 .debug_str     0x000caa60    0xc0e97 ./Drivers/STM32F4xx_HAL_Driver/Src/stm32f4xx_hal_i2s_ex.o
 .debug_str     0x000caa60    0xc1482 ./Drivers/STM32F4xx_HAL_Driver/Src/stm32f4xx_hal_pcd.o
 .debug_str     0x000caa60    0xc0d72 ./Drivers/STM32F4xx_HAL_Driver/Src/stm32f4xx_hal_pcd_ex.o
 .debug_str     0x000caa60    0xc0dd8 ./Drivers/STM32F4xx_HAL_Driver/Src/stm32f4xx_hal_rcc.o
 .debug_str     0x000caa60    0xc0af6 ./Drivers/STM32F4xx_HAL_Driver/Src/stm32f4xx_hal_rcc_ex.o
 .debug_str     0x000caa60    0xc1262 ./Drivers/STM32F4xx_HAL_Driver/Src/stm32f4xx_hal_spi.o
 .debug_str     0x000caa60    0xc135d ./Drivers/STM32F4xx_HAL_Driver/Src/stm32f4xx_ll_usb.o
 .debug_str     0x000caa60    0xc6085 ./Middlewares/ST/STM32_USB_Device_Library/Class/CDC/Src/usbd_cdc.o
 .debug_str     0x000caa60    0xc59de ./Middlewares/ST/STM32_USB_Device_Library/Core/Src/usbd_core.o
 .debug_str     0x000caa60    0xc5809 ./Middlewares/ST/STM32_USB_Device_Library/Core/Src/usbd_ctlreq.o
 .debug_str     0x000caa60    0xc56de ./Middlewares/ST/STM32_USB_Device_Library/Core/Src/usbd_ioreq.o
 .debug_str     0x000caa60    0xc5a91 ./USB_DEVICE/App/usb_device.o
 .debug_str     0x000caa60    0xc5ad1 ./USB_DEVICE/App/usbd_cdc_if.o
 .debug_str     0x000caa60    0xc55d6 ./USB_DEVICE/App/usbd_desc.o
 .debug_str     0x000caa60    0xc68d3 ./USB_DEVICE/Target/usbd_conf.o

.comment        0x00000000       0x43
 .comment       0x00000000       0x43 ./Core/Src/main.o
                                 0x44 (size before relaxing)
 .comment       0x00000043       0x44 ./Core/Src/stm32f4xx_hal_msp.o
 .comment       0x00000043       0x44 ./Core/Src/stm32f4xx_it.o
 .comment       0x00000043       0x44 ./Core/Src/system_stm32f4xx.o
 .comment       0x00000043       0x44 ./Drivers/STM32F4xx_HAL_Driver/Src/stm32f4xx_hal.o
 .comment       0x00000043       0x44 ./Drivers/STM32F4xx_HAL_Driver/Src/stm32f4xx_hal_cortex.o
 .comment       0x00000043       0x44 ./Drivers/STM32F4xx_HAL_Driver/Src/stm32f4xx_hal_gpio.o
 .comment       0x00000043       0x44 ./Drivers/STM32F4xx_HAL_Driver/Src/stm32f4xx_hal_i2c.o
 .comment       0x00000043       0x44 ./Drivers/STM32F4xx_HAL_Driver/Src/stm32f4xx_hal_i2s.o
 .comment       0x00000043       0x44 ./Drivers/STM32F4xx_HAL_Driver/Src/stm32f4xx_hal_i2s_ex.o
 .comment       0x00000043       0x44 ./Drivers/STM32F4xx_HAL_Driver/Src/stm32f4xx_hal_pcd.o
 .comment       0x00000043       0x44 ./Drivers/STM32F4xx_HAL_Driver/Src/stm32f4xx_hal_pcd_ex.o
 .comment       0x00000043       0x44 ./Drivers/STM32F4xx_HAL_Driver/Src/stm32f4xx_hal_rcc.o
 .comment       0x00000043       0x44 ./Drivers/STM32F4xx_HAL_Driver/Src/stm32f4xx_hal_rcc_ex.o
 .comment       0x00000043       0x44 ./Drivers/STM32F4xx_HAL_Driver/Src/stm32f4xx_hal_spi.o
 .comment       0x00000043       0x44 ./Drivers/STM32F4xx_HAL_Driver/Src/stm32f4xx_ll_usb.o
 .comment       0x00000043       0x44 ./Middlewares/ST/STM32_USB_Device_Library/Class/CDC/Src/usbd_cdc.o
 .comment       0x00000043       0x44 ./Middlewares/ST/STM32_USB_Device_Library/Core/Src/usbd_core.o
 .comment       0x00000043       0x44 ./Middlewares/ST/STM32_USB_Device_Library/Core/Src/usbd_ctlreq.o
 .comment       0x00000043       0x44 ./Middlewares/ST/STM32_USB_Device_Library/Core/Src/usbd_ioreq.o
 .comment       0x00000043       0x44 ./USB_DEVICE/App/usb_device.o
 .comment       0x00000043       0x44 ./USB_DEVICE/App/usbd_cdc_if.o
 .comment       0x00000043       0x44 ./USB_DEVICE/App/usbd_desc.o
 .comment       0x00000043       0x44 ./USB_DEVICE/Target/usbd_conf.o

.debug_frame    0x00000000     0x4a38
 .debug_frame   0x00000000       0xe4 ./Core/Src/main.o
 .debug_frame   0x000000e4      0x10c ./Core/Src/stm32f4xx_hal_msp.o
 .debug_frame   0x000001f0      0x120 ./Core/Src/stm32f4xx_it.o
 .debug_frame   0x00000310       0x58 ./Core/Src/system_stm32f4xx.o
 .debug_frame   0x00000368      0x374 ./Drivers/STM32F4xx_HAL_Driver/Src/stm32f4xx_hal.o
 .debug_frame   0x000006dc      0x508 ./Drivers/STM32F4xx_HAL_Driver/Src/stm32f4xx_hal_cortex.o
 .debug_frame   0x00000be4      0x14c ./Drivers/STM32F4xx_HAL_Driver/Src/stm32f4xx_hal_gpio.o
 .debug_frame   0x00000d30      0xc84 ./Drivers/STM32F4xx_HAL_Driver/Src/stm32f4xx_hal_i2c.o
 .debug_frame   0x000019b4      0x484 ./Drivers/STM32F4xx_HAL_Driver/Src/stm32f4xx_hal_i2s.o
 .debug_frame   0x00001e38      0x220 ./Drivers/STM32F4xx_HAL_Driver/Src/stm32f4xx_hal_i2s_ex.o
 .debug_frame   0x00002058      0x5b8 ./Drivers/STM32F4xx_HAL_Driver/Src/stm32f4xx_hal_pcd.o
 .debug_frame   0x00002610       0xb0 ./Drivers/STM32F4xx_HAL_Driver/Src/stm32f4xx_hal_pcd_ex.o
 .debug_frame   0x000026c0      0x1f4 ./Drivers/STM32F4xx_HAL_Driver/Src/stm32f4xx_hal_rcc.o
 .debug_frame   0x000028b4       0xf0 ./Drivers/STM32F4xx_HAL_Driver/Src/stm32f4xx_hal_rcc_ex.o
 .debug_frame   0x000029a4      0x828 ./Drivers/STM32F4xx_HAL_Driver/Src/stm32f4xx_hal_spi.o
 .debug_frame   0x000031cc      0x7c0 ./Drivers/STM32F4xx_HAL_Driver/Src/stm32f4xx_ll_usb.o
 .debug_frame   0x0000398c      0x23c ./Middlewares/ST/STM32_USB_Device_Library/Class/CDC/Src/usbd_cdc.o
 .debug_frame   0x00003bc8      0x390 ./Middlewares/ST/STM32_USB_Device_Library/Core/Src/usbd_core.o
 .debug_frame   0x00003f58      0x23c ./Middlewares/ST/STM32_USB_Device_Library/Core/Src/usbd_ctlreq.o
 .debug_frame   0x00004194      0x10c ./Middlewares/ST/STM32_USB_Device_Library/Core/Src/usbd_ioreq.o
 .debug_frame   0x000042a0       0x2c ./USB_DEVICE/App/usb_device.o
 .debug_frame   0x000042cc       0xe4 ./USB_DEVICE/App/usbd_cdc_if.o
 .debug_frame   0x000043b0      0x160 ./USB_DEVICE/App/usbd_desc.o
 .debug_frame   0x00004510      0x47c ./USB_DEVICE/Target/usbd_conf.o
 .debug_frame   0x0000498c       0x20 /Applications/STM32CubeIDE.app/Contents/Eclipse/plugins/com.st.stm32cube.ide.mcu.externaltools.gnu-tools-for-stm32.13.3.rel1.macos64_1.0.0.202411102158/tools/bin/../lib/gcc/arm-none-eabi/13.3.1/../../../../arm-none-eabi/lib/thumb/v7e-m+fp/hard/libc_nano.a(libc_a-memset.o)
 .debug_frame   0x000049ac       0x2c /Applications/STM32CubeIDE.app/Contents/Eclipse/plugins/com.st.stm32cube.ide.mcu.externaltools.gnu-tools-for-stm32.13.3.rel1.macos64_1.0.0.202411102158/tools/bin/../lib/gcc/arm-none-eabi/13.3.1/../../../../arm-none-eabi/lib/thumb/v7e-m+fp/hard/libc_nano.a(libc_a-init.o)
 .debug_frame   0x000049d8       0x2c /Applications/STM32CubeIDE.app/Contents/Eclipse/plugins/com.st.stm32cube.ide.mcu.externaltools.gnu-tools-for-stm32.13.3.rel1.macos64_1.0.0.202411102158/tools/bin/../lib/gcc/arm-none-eabi/13.3.1/thumb/v7e-m+fp/hard/libgcc.a(_aeabi_uldivmod.o)
 .debug_frame   0x00004a04       0x34 /Applications/STM32CubeIDE.app/Contents/Eclipse/plugins/com.st.stm32cube.ide.mcu.externaltools.gnu-tools-for-stm32.13.3.rel1.macos64_1.0.0.202411102158/tools/bin/../lib/gcc/arm-none-eabi/13.3.1/thumb/v7e-m+fp/hard/libgcc.a(_udivmoddi4.o)

.debug_line_str
                0x00000000       0x71
 .debug_line_str
                0x00000000       0x71 ./Core/Startup/startup_stm32f407vgtx.o
